\BOOKMARK [1][-]{section.1}{\376\377\004\033\004\065\004\072\004\106\004\070\004\117\000\040\0001\000.\000\040\000W\000o\000r\000d\000\040\000E\000m\000b\000e\000d\000d\000i\000n\000g\000s}{}% 1
\BOOKMARK [2][-]{subsection.1.1}{\376\377\004\036\004\061\004\111\004\060\004\117\000\040\004\077\004\076\004\101\004\102\004\060\004\075\004\076\004\062\004\072\004\060\000\040\004\067\004\060\004\064\004\060\004\107\000\040\000N\000L\000P}{section.1}% 2
\BOOKMARK [2][-]{subsection.1.2}{\376\377\004\022\004\070\004\064\004\113\000\040\004\074\004\065\004\102\004\076\004\072\000\040\004\062\000\040\004\067\004\060\004\064\004\060\004\107\004\060\004\105\000\040\000N\000L\000P}{section.1}% 3
\BOOKMARK [3][-]{subsubsection.1.2.1}{\376\377\004\024\004\070\004\101\004\072\004\100\004\065\004\102\004\075\004\113\004\065\000\040\004\074\004\065\004\102\004\072\004\070}{subsection.1.2}% 4
\BOOKMARK [3][-]{subsubsection.1.2.2}{\376\377\004\035\004\065\004\077\004\100\004\065\004\100\004\113\004\062\004\075\004\113\004\065\000\040\004\074\004\065\004\102\004\072\004\070}{subsection.1.2}% 5
\BOOKMARK [2][-]{subsection.1.3}{\376\377\004\037\004\100\004\065\004\064\004\076\004\061\004\100\004\060\004\061\004\076\004\102\004\072\004\060\000\040\004\102\004\065\004\072\004\101\004\102\004\060}{section.1}% 6
\BOOKMARK [3][-]{subsubsection.1.3.1}{\376\377\004\042\004\076\004\072\004\065\004\075\004\070\004\067\004\060\004\106\004\070\004\117}{subsection.1.3}% 7
\BOOKMARK [3][-]{subsubsection.1.3.2}{\376\377\004\035\004\076\004\100\004\074\004\060\004\073\004\070\004\067\004\060\004\106\004\070\004\117\000\040\004\102\004\076\004\072\004\065\004\075\004\076\004\062}{subsection.1.3}% 8
\BOOKMARK [3][-]{subsubsection.1.3.3}{\376\377\000S\000t\000e\000m\000m\000i\000n\000g}{subsection.1.3}% 9
\BOOKMARK [3][-]{subsubsection.1.3.4}{\376\377\000L\000e\000m\000m\000a\000t\000i\000z\000a\000t\000i\000o\000n}{subsection.1.3}% 10
\BOOKMARK [3][-]{subsubsection.1.3.5}{\376\377\004\047\004\102\004\076\000\040\004\065\004\111\004\121\000\040\004\075\004\103\004\066\004\075\004\076\000\040\004\103\004\107\004\070\004\102\004\113\004\062\004\060\004\102\004\114\000\040\004\077\004\100\004\070\000\040\004\077\004\100\004\065\004\064\004\076\004\061\004\100\004\060\004\061\004\076\004\102\004\072\004\065}{subsection.1.3}% 11
\BOOKMARK [2][-]{subsection.1.4}{\376\377\000B\000a\000g\000-\000o\000f\000-\000W\000o\000r\000d\000s}{section.1}% 12
\BOOKMARK [2][-]{subsection.1.5}{\376\377\000B\000a\000g\000-\000o\000f\000-\000N\000g\000r\000a\000m\000s}{section.1}% 13
\BOOKMARK [2][-]{subsection.1.6}{\376\377\000C\000o\000l\000l\000o\000c\000a\000t\000i\000o\000n\000s}{section.1}% 14
\BOOKMARK [2][-]{subsection.1.7}{\376\377\000P\000M\000I\000\040\004\070\000\040\000p\000P\000M\000I}{section.1}% 15
\BOOKMARK [2][-]{subsection.1.8}{\376\377\000T\000F\000-\000I\000D\000F}{section.1}% 16
\BOOKMARK [3][-]{subsubsection.1.8.1}{\376\377\000T\000e\000r\000m\000\040\000F\000r\000e\000q\000u\000e\000n\000c\000y}{subsection.1.8}% 17
\BOOKMARK [3][-]{subsubsection.1.8.2}{\376\377\000I\000n\000v\000e\000r\000s\000e\000\040\000D\000o\000c\000u\000m\000e\000n\000t\000\040\000F\000r\000e\000q\000u\000e\000n\000c\000y}{subsection.1.8}% 18
\BOOKMARK [3][-]{subsubsection.1.8.3}{\376\377\004\030\004\102\004\076\004\063\004\076\004\062\004\060\004\117\000\040\004\104\004\076\004\100\004\074\004\103\004\073\004\060\000\040\000T\000F\000-\000I\000D\000F}{subsection.1.8}% 19
\BOOKMARK [2][-]{subsection.1.9}{\376\377\000O\000n\000e\000-\000h\000o\000t\000\040\000e\000n\000c\000o\000d\000i\000n\000g}{section.1}% 20
\BOOKMARK [2][-]{subsection.1.10}{\376\377\000D\000i\000s\000t\000r\000i\000b\000u\000t\000i\000o\000n\000a\000l\000\040\000S\000e\000m\000a\000n\000t\000i\000c\000s}{section.1}% 21
\BOOKMARK [2][-]{subsection.1.11}{\376\377\000W\000o\000r\000d\000\040\000r\000e\000p\000r\000e\000s\000e\000n\000t\000a\000t\000i\000o\000n\000s\000\040\004\107\004\065\004\100\004\065\004\067\000\040\004\074\004\060\004\102\004\100\004\070\004\107\004\075\004\103\004\116\000\040\004\104\004\060\004\072\004\102\004\076\004\100\004\070\004\067\004\060\004\106\004\070\004\116}{section.1}% 22
\BOOKMARK [2][-]{subsection.1.12}{\376\377\000W\000o\000r\000d\000\040\000E\000m\000b\000e\000d\000d\000i\000n\000g\000s}{section.1}% 23
\BOOKMARK [2][-]{subsection.1.13}{\376\377\004\041\004\065\004\074\004\060\004\075\004\102\004\070\004\107\004\065\004\101\004\072\004\070\004\065\000\040\004\060\004\075\004\060\004\073\004\076\004\063\004\070\004\070}{section.1}% 24
\BOOKMARK [2][-]{subsection.1.14}{\376\377\000W\000o\000r\000d\0002\000V\000e\000c}{section.1}% 25
\BOOKMARK [2][-]{subsection.1.15}{\376\377\000S\000k\000i\000p\000-\000g\000r\000a\000m}{section.1}% 26
\BOOKMARK [2][-]{subsection.1.16}{\376\377\000S\000o\000f\000t\000m\000a\000x\000\040\004\062\000\040\000W\000o\000r\000d\0002\000V\000e\000c}{section.1}% 27
\BOOKMARK [2][-]{subsection.1.17}{\376\377\004\032\004\060\004\072\000\040\004\103\004\101\004\072\004\076\004\100\004\117\004\116\004\102\000\040\000W\000o\000r\000d\0002\000V\000e\000c}{section.1}% 28
\BOOKMARK [2][-]{subsection.1.18}{\376\377\000S\000u\000b\000s\000a\000m\000p\000l\000i\000n\000g\000\040\000f\000r\000e\000q\000u\000e\000n\000t\000\040\000w\000o\000r\000d\000s}{section.1}% 29
\BOOKMARK [2][-]{subsection.1.19}{\376\377\000N\000e\000g\000a\000t\000i\000v\000e\000\040\000S\000a\000m\000p\000l\000i\000n\000g}{section.1}% 30
\BOOKMARK [2][-]{subsection.1.20}{\376\377\000C\000B\000O\000W}{section.1}% 31
\BOOKMARK [2][-]{subsection.1.21}{\376\377\004\041\004\100\004\060\004\062\004\075\004\065\004\075\004\070\004\065\000\040\000C\000B\000O\000W\000\040\004\070\000\040\000S\000k\000i\000p\000-\000g\000r\000a\000m}{section.1}% 32
\BOOKMARK [2][-]{subsection.1.22}{\376\377\000G\000l\000o\000V\000e}{section.1}% 33
\BOOKMARK [2][-]{subsection.1.23}{\376\377\004\041\004\100\004\060\004\062\004\075\004\065\004\075\004\070\004\065\000\040\004\077\004\076\004\064\004\105\004\076\004\064\004\076\004\062\000\040\004\072\000\040\004\077\004\100\004\065\004\064\004\101\004\102\004\060\004\062\004\073\004\065\004\075\004\070\004\116\000\040\004\102\004\065\004\072\004\101\004\102\004\060}{section.1}% 34
\BOOKMARK [2][-]{subsection.1.24}{\376\377\004\023\004\073\004\060\004\062\004\075\004\113\004\065\000\040\004\062\004\113\004\062\004\076\004\064\004\113}{section.1}% 35
\BOOKMARK [2][-]{subsection.1.25}{\376\377\004\047\004\102\004\076\000\040\004\062\004\060\004\066\004\075\004\076\000\040\004\077\004\076\004\074\004\075\004\070\004\102\004\114\000\040\004\072\000\040\004\115\004\072\004\067\004\060\004\074\004\065\004\075\004\103}{section.1}% 36
\BOOKMARK [1][-]{section.2}{\376\377\004\033\004\065\004\072\004\106\004\070\004\117\000\040\0002\000.\000\040\000C\000N\000N\000\040\000f\000o\000r\000\040\000T\000e\000x\000t\000s\000\040\000a\000n\000d\000\040\000E\000m\000b\000e\000d\000d\000i\000n\000g\000s\000\040\000f\000o\000r\000\040\000D\000i\000f\000f\000e\000r\000e\000n\000t\000\040\000L\000a\000n\000g\000u\000a\000g\000e\000s}{}% 37
\BOOKMARK [2][-]{subsection.2.1}{\376\377\004\037\004\073\004\060\004\075\000\040\004\073\004\065\004\072\004\106\004\070\004\070}{section.2}% 38
\BOOKMARK [2][-]{subsection.2.2}{\376\377\004\037\004\076\004\062\004\102\004\076\004\100\004\065\004\075\004\070\004\065\000\040\000W\000o\000r\000d\0002\000V\000e\000c}{section.2}% 39
\BOOKMARK [2][-]{subsection.2.3}{\376\377\000E\000m\000b\000e\000d\000d\000i\000n\000g\000s\000\040\004\064\004\073\004\117\000\040\004\100\004\060\004\067\004\075\004\113\004\105\000\040\004\117\004\067\004\113\004\072\004\076\004\062}{section.2}% 40
\BOOKMARK [2][-]{subsection.2.4}{\376\377\004\033\004\070\004\075\004\065\004\071\004\075\004\076\004\065\000\040\004\076\004\102\004\076\004\061\004\100\004\060\004\066\004\065\004\075\004\070\004\065\000\040\004\074\004\065\004\066\004\064\004\103\000\040\004\117\004\067\004\113\004\072\004\060\004\074\004\070}{section.2}% 41
\BOOKMARK [2][-]{subsection.2.5}{\376\377\004\036\004\100\004\102\004\076\004\063\004\076\004\075\004\060\004\073\004\114\004\075\004\076\004\065\000\040\004\076\004\102\004\076\004\061\004\100\004\060\004\066\004\065\004\075\004\070\004\065}{section.2}% 42
\BOOKMARK [2][-]{subsection.2.6}{\376\377\000U\000n\000s\000u\000p\000e\000r\000v\000i\000s\000e\000d\000\040\000m\000a\000p\000p\000i\000n\000g\000\040\004\074\004\065\004\066\004\064\004\103\000\040\004\117\004\067\004\113\004\072\004\060\004\074\004\070}{section.2}% 43
\BOOKMARK [2][-]{subsection.2.7}{\376\377\000C\000o\000s\000i\000n\000e\000\040\000s\000i\000m\000i\000l\000a\000r\000i\000t\000y}{section.2}% 44
\BOOKMARK [2][-]{subsection.2.8}{\376\377\004\035\004\076\004\100\004\074\004\060\000\040\000e\000m\000b\000e\000d\000d\000i\000n\000g\000-\004\062\004\065\004\072\004\102\004\076\004\100\004\060\000\040\004\070\000\040\004\107\004\060\004\101\004\102\004\076\004\102\004\060\000\040\004\101\004\073\004\076\004\062\004\060}{section.2}% 45
\BOOKMARK [2][-]{subsection.2.9}{\376\377\004\032\004\060\004\072\000\040\004\077\004\076\004\073\004\103\004\107\004\070\004\102\004\114\000\040\000e\000m\000b\000e\000d\000d\000i\000n\000g\000\040\004\064\004\073\004\117\000\040\004\102\004\065\004\072\004\101\004\102\004\060}{section.2}% 46
\BOOKMARK [2][-]{subsection.2.10}{\376\377\004\037\004\076\004\062\004\102\004\076\004\100\004\065\004\075\004\070\004\065\000\040\000R\000N\000N}{section.2}% 47
\BOOKMARK [2][-]{subsection.2.11}{\376\377\004\037\004\065\004\100\004\065\004\105\004\076\004\064\000\040\004\076\004\102\000\040\000R\000N\000N\000\040\004\072\000\040\000C\000N\000N}{section.2}% 48
\BOOKMARK [2][-]{subsection.2.12}{\376\377\000n\000-\004\063\004\100\004\060\004\074\004\074\004\113\000\040\004\070\000\040\000C\000N\000N}{section.2}% 49
\BOOKMARK [2][-]{subsection.2.13}{\376\377\004\041\004\062\004\121\004\100\004\102\004\072\004\060\000\040\004\077\004\076\000\040\004\102\004\065\004\072\004\101\004\102\004\103}{section.2}% 50
\BOOKMARK [2][-]{subsection.2.14}{\376\377\000O\000n\000e\000-\000l\000a\000y\000e\000r\000\040\000C\000N\000N\000\040\004\064\004\073\004\117\000\040\004\102\004\065\004\072\004\101\004\102\004\060}{section.2}% 51
\BOOKMARK [2][-]{subsection.2.15}{\376\377\000C\000N\000N\000\040\000a\000r\000c\000h\000i\000t\000e\000c\000t\000u\000r\000e\000\040\000f\000r\000o\000m\000\040\000K\000i\000m\000\040\0002\0000\0001\0004}{section.2}% 52
\BOOKMARK [2][-]{subsection.2.16}{\376\377\000S\000t\000a\000t\000i\000c\000\040\004\070\000\040\000n\000o\000n\000-\000s\000t\000a\000t\000i\000c\000\040\000e\000m\000b\000e\000d\000d\000i\000n\000g\000s}{section.2}% 53
\BOOKMARK [2][-]{subsection.2.17}{\376\377\000N\000a\000r\000r\000o\000w\000\040\004\070\000\040\000w\000i\000d\000e\000\040\000c\000o\000n\000v\000o\000l\000u\000t\000i\000o\000n}{section.2}% 54
\BOOKMARK [2][-]{subsection.2.18}{\376\377\004\037\004\100\004\070\004\074\004\065\004\075\004\065\004\075\004\070\004\117\000\040\000C\000N\000N\000\040\004\062\000\040\000N\000L\000P}{section.2}% 55
\BOOKMARK [2][-]{subsection.2.19}{\376\377\004\041\004\100\004\060\004\062\004\075\004\065\004\075\004\070\004\065\000\040\004\077\004\076\004\064\004\105\004\076\004\064\004\076\004\062}{section.2}% 56
\BOOKMARK [2][-]{subsection.2.20}{\376\377\000O\000u\000t\000r\000o\000\040\000a\000n\000d\000\040\000t\000i\000p\000s}{section.2}% 57
\BOOKMARK [2][-]{subsection.2.21}{\376\377\000A\000t\000t\000e\000n\000t\000i\000o\000n\000\040\004\072\004\060\004\072\000\040\004\101\004\073\004\065\004\064\004\103\004\116\004\111\004\060\004\117\000\040\004\102\004\065\004\074\004\060}{section.2}% 58
\BOOKMARK [2][-]{subsection.2.22}{\376\377\004\037\004\100\004\076\004\061\004\073\004\065\004\074\004\060\000\040\000W\000o\000r\000d\0002\000V\000e\000c}{section.2}% 59
\BOOKMARK [2][-]{subsection.2.23}{\376\377\004\023\004\073\004\060\004\062\004\075\004\113\004\065\000\040\004\062\004\113\004\062\004\076\004\064\004\113}{section.2}% 60
\BOOKMARK [2][-]{subsection.2.24}{\376\377\004\047\004\102\004\076\000\040\004\062\004\060\004\066\004\075\004\076\000\040\004\077\004\076\004\074\004\075\004\070\004\102\004\114\000\040\004\072\000\040\004\115\004\072\004\067\004\060\004\074\004\065\004\075\004\103}{section.2}% 61
\BOOKMARK [1][-]{section.3}{\376\377\004\033\004\065\004\072\004\106\004\070\004\117\000\040\0003\000.\000\040\000M\000a\000c\000h\000i\000n\000e\000\040\000T\000r\000a\000n\000s\000l\000a\000t\000i\000o\000n\000\040\000a\000n\000d\000\040\000A\000t\000t\000e\000n\000t\000i\000o\000n\000\040\000M\000e\000c\000h\000a\000n\000i\000s\000m}{}% 62
\BOOKMARK [2][-]{subsection.3.1}{\376\377\004\037\004\073\004\060\004\075\000\040\004\073\004\065\004\072\004\106\004\070\004\070}{section.3}% 63
\BOOKMARK [2][-]{subsection.3.2}{\376\377\004\030\004\101\004\102\004\076\004\100\004\070\004\107\004\065\004\101\004\072\004\070\004\071\000\040\004\076\004\061\004\067\004\076\004\100\000\040\004\074\004\060\004\110\004\070\004\075\004\075\004\076\004\063\004\076\000\040\004\077\004\065\004\100\004\065\004\062\004\076\004\064\004\060}{section.3}% 64
\BOOKMARK [2][-]{subsection.3.3}{\376\377\004\036\004\061\004\103\004\107\004\060\004\116\004\111\004\070\004\065\000\040\004\064\004\060\004\075\004\075\004\113\004\065\000\040\004\064\004\073\004\117\000\040\004\074\004\060\004\110\004\070\004\075\004\075\004\076\004\063\004\076\000\040\004\077\004\065\004\100\004\065\004\062\004\076\004\064\004\060}{section.3}% 65
\BOOKMARK [2][-]{subsection.3.4}{\376\377\000S\000t\000a\000t\000i\000s\000t\000i\000c\000a\000l\000\040\000M\000a\000c\000h\000i\000n\000e\000\040\000T\000r\000a\000n\000s\000l\000a\000t\000i\000o\000n}{section.3}% 66
\BOOKMARK [2][-]{subsection.3.5}{\376\377\000W\000o\000r\000d\000\040\000A\000l\000i\000g\000n\000m\000e\000n\000t}{section.3}% 67
\BOOKMARK [3][-]{subsubsection.3.5.1}{\376\377\000M\000a\000n\000y\000-\000t\000o\000-\000o\000n\000e\000\040\000a\000l\000i\000g\000n\000m\000e\000n\000t}{subsection.3.5}% 68
\BOOKMARK [3][-]{subsubsection.3.5.2}{\376\377\000O\000n\000e\000-\000t\000o\000-\000m\000a\000n\000y\000\040\000a\000l\000i\000g\000n\000m\000e\000n\000t}{subsection.3.5}% 69
\BOOKMARK [3][-]{subsubsection.3.5.3}{\376\377\000M\000a\000n\000y\000-\000t\000o\000-\000m\000a\000n\000y\000\040\000a\000l\000i\000g\000n\000m\000e\000n\000t}{subsection.3.5}% 70
\BOOKMARK [2][-]{subsection.3.6}{\376\377\004\037\004\076\004\107\004\065\004\074\004\103\000\040\004\077\004\076\004\073\004\075\004\113\004\071\000\040\004\077\004\065\004\100\004\065\004\061\004\076\004\100\000\040\004\077\004\065\004\100\004\065\004\062\004\076\004\064\004\076\004\062\000\040\004\075\004\065\004\062\004\076\004\067\004\074\004\076\004\066\004\065\004\075}{section.3}% 71
\BOOKMARK [2][-]{subsection.3.7}{\376\377\000P\000h\000r\000a\000s\000e\000-\000B\000a\000s\000e\000d\000\040\000M\000a\000c\000h\000i\000n\000e\000\040\000T\000r\000a\000n\000s\000l\000a\000t\000i\000o\000n}{section.3}% 72
\BOOKMARK [3][-]{subsubsection.3.7.1}{\376\377\000P\000h\000r\000a\000s\000e\000\040\000t\000a\000b\000l\000e}{subsection.3.7}% 73
\BOOKMARK [3][-]{subsubsection.3.7.2}{\376\377\000n\000-\000g\000r\000a\000m\000\040\000l\000a\000n\000g\000u\000a\000g\000e\000\040\000m\000o\000d\000e\000l}{subsection.3.7}% 74
\BOOKMARK [3][-]{subsubsection.3.7.3}{\376\377\004\035\004\065\004\064\004\076\004\101\004\102\004\060\004\102\004\072\004\070\000\040\000P\000B\000M\000T}{subsection.3.7}% 75
\BOOKMARK [2][-]{subsection.3.8}{\376\377\000N\000e\000u\000r\000a\000l\000\040\000M\000a\000c\000h\000i\000n\000e\000\040\000T\000r\000a\000n\000s\000l\000a\000t\000i\000o\000n}{section.3}% 76
\BOOKMARK [2][-]{subsection.3.9}{\376\377\000S\000e\000q\0002\000S\000e\000q}{section.3}% 77
\BOOKMARK [3][-]{subsubsection.3.9.1}{\376\377\000E\000n\000c\000o\000d\000e\000r}{subsection.3.9}% 78
\BOOKMARK [3][-]{subsubsection.3.9.2}{\376\377\000D\000e\000c\000o\000d\000e\000r}{subsection.3.9}% 79
\BOOKMARK [2][-]{subsection.3.10}{\376\377\004\036\004\061\004\103\004\107\004\065\004\075\004\070\004\065\000\040\000S\000e\000q\0002\000S\000e\000q}{section.3}% 80
\BOOKMARK [2][-]{subsection.3.11}{\376\377\000G\000r\000e\000e\000d\000y\000\040\000D\000e\000c\000o\000d\000i\000n\000g}{section.3}% 81
\BOOKMARK [2][-]{subsection.3.12}{\376\377\000E\000x\000h\000a\000u\000s\000t\000i\000v\000e\000\040\000S\000e\000a\000r\000c\000h}{section.3}% 82
\BOOKMARK [2][-]{subsection.3.13}{\376\377\000B\000e\000a\000m\000\040\000S\000e\000a\000r\000c\000h}{section.3}% 83
\BOOKMARK [2][-]{subsection.3.14}{\376\377\004\032\004\100\004\070\004\102\004\065\004\100\004\070\004\071\000\040\004\076\004\101\004\102\004\060\004\075\004\076\004\062\004\072\004\070\000\040\000B\000e\000a\000m\000\040\000S\000e\000a\000r\000c\000h}{section.3}% 84
\BOOKMARK [2][-]{subsection.3.15}{\376\377\000L\000e\000n\000g\000t\000h\000\040\000N\000o\000r\000m\000a\000l\000i\000z\000a\000t\000i\000o\000n}{section.3}% 85
\BOOKMARK [2][-]{subsection.3.16}{\376\377\004\036\004\106\004\065\004\075\004\072\004\060\000\040\004\072\004\060\004\107\004\065\004\101\004\102\004\062\004\060\000\040\004\074\004\060\004\110\004\070\004\075\004\075\004\076\004\063\004\076\000\040\004\077\004\065\004\100\004\065\004\062\004\076\004\064\004\060}{section.3}% 86
\BOOKMARK [2][-]{subsection.3.17}{\376\377\000B\000L\000E\000U}{section.3}% 87
\BOOKMARK [3][-]{subsubsection.3.17.1}{\376\377\000n\000-\000g\000r\000a\000m\000\040\000p\000r\000e\000c\000i\000s\000i\000o\000n}{subsection.3.17}% 88
\BOOKMARK [3][-]{subsubsection.3.17.2}{\376\377\000B\000r\000e\000v\000i\000t\000y\000\040\000p\000e\000n\000a\000l\000t\000y}{subsection.3.17}% 89
\BOOKMARK [3][-]{subsubsection.3.17.3}{\376\377\004\044\004\076\004\100\004\074\004\103\004\073\004\060\000\040\000B\000L\000E\000U}{subsection.3.17}% 90
\BOOKMARK [2][-]{subsection.3.18}{\376\377\004\035\004\065\004\064\004\076\004\101\004\102\004\060\004\102\004\072\004\070\000\040\000B\000L\000E\000U}{section.3}% 91
\BOOKMARK [2][-]{subsection.3.19}{\376\377\004\024\004\100\004\103\004\063\004\070\004\065\000\040\004\074\004\065\004\102\004\100\004\070\004\072\004\070\000\040\004\072\004\060\004\107\004\065\004\101\004\102\004\062\004\060\000\040\000M\000T}{section.3}% 92
\BOOKMARK [2][-]{subsection.3.20}{\376\377\000H\000u\000m\000a\000n\000\040\000E\000v\000a\000l\000u\000a\000t\000i\000o\000n}{section.3}% 93
\BOOKMARK [3][-]{subsubsection.3.20.1}{\376\377\000S\000i\000d\000e\000-\000b\000y\000-\000s\000i\000d\000e\000\040\000h\000u\000m\000a\000n\000\040\000e\000v\000a\000l\000u\000a\000t\000i\000o\000n}{subsection.3.20}% 94
\BOOKMARK [3][-]{subsubsection.3.20.2}{\376\377\000D\000i\000r\000e\000c\000t\000\040\000A\000s\000s\000e\000s\000s\000m\000e\000n\000t}{subsection.3.20}% 95
\BOOKMARK [2][-]{subsection.3.21}{\376\377\000M\000L\000-\000b\000a\000s\000e\000d\000\040\000q\000u\000a\000l\000i\000t\000y\000\040\000e\000s\000t\000i\000m\000a\000t\000i\000o\000n}{section.3}% 96
\BOOKMARK [2][-]{subsection.3.22}{\376\377\004\037\004\100\004\065\004\070\004\074\004\103\004\111\004\065\004\101\004\102\004\062\004\060\000\040\000N\000M\000T}{section.3}% 97
\BOOKMARK [2][-]{subsection.3.23}{\376\377\004\035\004\065\004\064\004\076\004\101\004\102\004\060\004\102\004\072\004\070\000\040\000N\000M\000T}{section.3}% 98
\BOOKMARK [2][-]{subsection.3.24}{\376\377\004\040\004\065\004\110\004\121\004\075\000\040\004\073\004\070\000\040\004\074\004\060\004\110\004\070\004\075\004\075\004\113\004\071\000\040\004\077\004\065\004\100\004\065\004\062\004\076\004\064\000?}{section.3}% 99
\BOOKMARK [2][-]{subsection.3.25}{\376\377\000B\000o\000t\000t\000l\000e\000n\000e\000c\000k\000\040\004\062\000\040\000S\000e\000q\0002\000S\000e\000q}{section.3}% 100
\BOOKMARK [2][-]{subsection.3.26}{\376\377\000A\000t\000t\000e\000n\000t\000i\000o\000n\000:\000\040\004\076\004\101\004\075\004\076\004\062\004\075\004\060\004\117\000\040\004\070\004\064\004\065\004\117}{section.3}% 101
\BOOKMARK [2][-]{subsection.3.27}{\376\377\000S\000e\000q\0002\000S\000e\000q\000\040\000w\000i\000t\000h\000\040\000A\000t\000t\000e\000n\000t\000i\000o\000n}{section.3}% 102
\BOOKMARK [2][-]{subsection.3.28}{\376\377\000A\000t\000t\000e\000n\000t\000i\000o\000n\000\040\004\062\000\040\004\104\004\076\004\100\004\074\004\103\004\073\004\060\004\105}{section.3}% 103
\BOOKMARK [3][-]{subsubsection.3.28.1}{\376\377\000D\000o\000t\000-\000p\000r\000o\000d\000u\000c\000t\000\040\000a\000t\000t\000e\000n\000t\000i\000o\000n}{subsection.3.28}% 104
\BOOKMARK [3][-]{subsubsection.3.28.2}{\376\377\000M\000u\000l\000t\000i\000p\000l\000i\000c\000a\000t\000i\000v\000e\000\040\000a\000t\000t\000e\000n\000t\000i\000o\000n}{subsection.3.28}% 105
\BOOKMARK [3][-]{subsubsection.3.28.3}{\376\377\000A\000d\000d\000i\000t\000i\000v\000e\000\040\000a\000t\000t\000e\000n\000t\000i\000o\000n}{subsection.3.28}% 106
\BOOKMARK [2][-]{subsection.3.29}{\376\377\004\030\004\075\004\102\004\065\004\100\004\077\004\100\004\065\004\102\004\070\004\100\004\103\004\065\004\074\004\076\004\101\004\102\004\114\000\040\000A\000t\000t\000e\000n\000t\000i\000o\000n}{section.3}% 107
\BOOKMARK [2][-]{subsection.3.30}{\376\377\004\037\004\076\004\107\004\065\004\074\004\103\000\040\000A\000t\000t\000e\000n\000t\000i\000o\000n\000\040\004\062\004\060\004\066\004\065\004\075}{section.3}% 108
\BOOKMARK [2][-]{subsection.3.31}{\376\377\004\041\004\100\004\060\004\062\004\075\004\065\004\075\004\070\004\065\000\040\000S\000M\000T\000,\000\040\000P\000B\000M\000T\000\040\004\070\000\040\000N\000M\000T}{section.3}% 109
\BOOKMARK [2][-]{subsection.3.32}{\376\377\004\023\004\073\004\060\004\062\004\075\004\113\004\065\000\040\004\062\004\113\004\062\004\076\004\064\004\113}{section.3}% 110
\BOOKMARK [2][-]{subsection.3.33}{\376\377\004\047\004\102\004\076\000\040\004\062\004\060\004\066\004\075\004\076\000\040\004\077\004\076\004\074\004\075\004\070\004\102\004\114\000\040\004\072\000\040\004\115\004\072\004\067\004\060\004\074\004\065\004\075\004\103}{section.3}% 111
\BOOKMARK [1][-]{section.4}{\376\377\004\033\004\065\004\072\004\106\004\070\004\117\000\040\0004\000.\000\040\000S\000e\000l\000f\000-\000A\000t\000t\000e\000n\000t\000i\000o\000n\000\040\000a\000n\000d\000\040\000T\000r\000a\000n\000s\000f\000o\000r\000m\000e\000r}{}% 112
\BOOKMARK [2][-]{subsection.4.1}{\376\377\004\037\004\073\004\060\004\075\000\040\004\073\004\065\004\072\004\106\004\070\004\070}{section.4}% 113
\BOOKMARK [2][-]{subsection.4.2}{\376\377\004\037\004\076\004\062\004\102\004\076\004\100\004\065\004\075\004\070\004\065\000:\000\040\000C\000N\000N\000\040\004\064\004\073\004\117\000\040\004\102\004\065\004\072\004\101\004\102\004\076\004\062}{section.4}% 114
\BOOKMARK [2][-]{subsection.4.3}{\376\377\004\037\004\076\004\062\004\102\004\076\004\100\004\065\004\075\004\070\004\065\000:\000\040\000a\000t\000t\000e\000n\000t\000i\000o\000n\000\040\004\062\000\040\000s\000e\000q\0002\000s\000e\000q}{section.4}% 115
\BOOKMARK [2][-]{subsection.4.4}{\376\377\004\022\004\060\004\100\004\070\004\060\004\075\004\102\004\113\000\040\000a\000t\000t\000e\000n\000t\000i\000o\000n\000\040\000s\000c\000o\000r\000e}{section.4}% 116
\BOOKMARK [3][-]{subsubsection.4.4.1}{\376\377\000D\000o\000t\000-\000p\000r\000o\000d\000u\000c\000t\000\040\000a\000t\000t\000e\000n\000t\000i\000o\000n}{subsection.4.4}% 117
\BOOKMARK [3][-]{subsubsection.4.4.2}{\376\377\000M\000u\000l\000t\000i\000p\000l\000i\000c\000a\000t\000i\000v\000e\000\040\000a\000t\000t\000e\000n\000t\000i\000o\000n}{subsection.4.4}% 118
\BOOKMARK [3][-]{subsubsection.4.4.3}{\376\377\000A\000d\000d\000i\000t\000i\000v\000e\000\040\000a\000t\000t\000e\000n\000t\000i\000o\000n}{subsection.4.4}% 119
\BOOKMARK [2][-]{subsection.4.5}{\376\377\004\037\004\100\004\065\004\070\004\074\004\103\004\111\004\065\004\101\004\102\004\062\004\060\000\040\000a\000t\000t\000e\000n\000t\000i\000o\000n}{section.4}% 120
\BOOKMARK [2][-]{subsection.4.6}{\376\377\000T\000r\000a\000n\000s\000f\000o\000r\000m\000e\000r\000:\000\040\004\076\004\061\004\111\004\060\004\117\000\040\004\070\004\064\004\065\004\117}{section.4}% 121
\BOOKMARK [2][-]{subsection.4.7}{\376\377\000E\000n\000c\000o\000d\000e\000r\000-\000d\000e\000c\000o\000d\000e\000r\000\040\004\101\004\102\004\100\004\103\004\072\004\102\004\103\004\100\004\060\000\040\000T\000r\000a\000n\000s\000f\000o\000r\000m\000e\000r}{section.4}% 122
\BOOKMARK [2][-]{subsection.4.8}{\376\377\000E\000n\000c\000o\000d\000e\000r\000\040\000b\000l\000o\000c\000k}{section.4}% 123
\BOOKMARK [2][-]{subsection.4.9}{\376\377\000S\000e\000l\000f\000-\000A\000t\000t\000e\000n\000t\000i\000o\000n\000:\000\040\004\070\004\075\004\102\004\103\004\070\004\106\004\070\004\117}{section.4}% 124
\BOOKMARK [2][-]{subsection.4.10}{\376\377\000Q\000u\000e\000r\000y\000,\000\040\000K\000e\000y\000,\000\040\000V\000a\000l\000u\000e}{section.4}% 125
\BOOKMARK [2][-]{subsection.4.11}{\376\377\000S\000e\000l\000f\000-\000A\000t\000t\000e\000n\000t\000i\000o\000n\000\040\004\064\004\073\004\117\000\040\004\076\004\064\004\075\004\076\004\063\004\076\000\040\004\102\004\076\004\072\004\065\004\075\004\060}{section.4}% 126
\BOOKMARK [2][-]{subsection.4.12}{\376\377\000S\000e\000l\000f\000-\000A\000t\000t\000e\000n\000t\000i\000o\000n\000\040\004\062\000\040\004\074\004\060\004\102\004\100\004\070\004\107\004\075\004\076\004\071\000\040\004\104\004\076\004\100\004\074\004\065}{section.4}% 127
\BOOKMARK [2][-]{subsection.4.13}{\376\377\004\037\004\076\004\107\004\065\004\074\004\103\000\040\000s\000e\000l\000f\000-\000a\000t\000t\000e\000n\000t\000i\000o\000n\000\040\004\077\004\076\004\073\004\065\004\067\004\065\004\075}{section.4}% 128
\BOOKMARK [3][-]{subsubsection.4.13.1}{\376\377\004\032\004\076\004\100\004\076\004\102\004\072\004\070\004\071\000\040\004\077\004\103\004\102\004\114\000\040\004\074\004\065\004\066\004\064\004\103\000\040\004\077\004\076\004\067\004\070\004\106\004\070\004\117\004\074\004\070}{subsection.4.13}% 129
\BOOKMARK [3][-]{subsubsection.4.13.2}{\376\377\004\037\004\060\004\100\004\060\004\073\004\073\004\065\004\073\004\070\004\067\004\060\004\106\004\070\004\117}{subsection.4.13}% 130
\BOOKMARK [3][-]{subsubsection.4.13.3}{\376\377\004\032\004\076\004\075\004\102\004\065\004\072\004\101\004\102\004\103\004\060\004\073\004\114\004\075\004\113\004\065\000\040\004\077\004\100\004\065\004\064\004\101\004\102\004\060\004\062\004\073\004\065\004\075\004\070\004\117}{subsection.4.13}% 131
\BOOKMARK [2][-]{subsection.4.14}{\376\377\000M\000u\000l\000t\000i\000-\000H\000e\000a\000d\000\040\000A\000t\000t\000e\000n\000t\000i\000o\000n}{section.4}% 132
\BOOKMARK [2][-]{subsection.4.15}{\376\377\004\027\004\060\004\107\004\065\004\074\000\040\004\075\004\103\004\066\004\065\004\075\000\040\000M\000u\000l\000t\000i\000-\000H\000e\000a\000d\000\040\000A\000t\000t\000e\000n\000t\000i\000o\000n}{section.4}% 133
\BOOKMARK [2][-]{subsection.4.16}{\376\377\000A\000t\000t\000e\000n\000t\000i\000o\000n\000\040\000v\000s\000\040\000M\000u\000l\000t\000i\000-\000H\000e\000a\000d\000\040\000A\000t\000t\000e\000n\000t\000i\000o\000n}{section.4}% 134
\BOOKMARK [2][-]{subsection.4.17}{\376\377\000P\000o\000s\000i\000t\000i\000o\000n\000a\000l\000\040\000E\000n\000c\000o\000d\000i\000n\000g}{section.4}% 135
\BOOKMARK [2][-]{subsection.4.18}{\376\377\004\042\004\100\004\065\004\061\004\076\004\062\004\060\004\075\004\070\004\117\000\040\004\072\000\040\000p\000o\000s\000i\000t\000i\000o\000n\000a\000l\000\040\000e\000n\000c\000o\000d\000i\000n\000g}{section.4}% 136
\BOOKMARK [2][-]{subsection.4.19}{\376\377\000S\000i\000n\000u\000s\000o\000i\000d\000a\000l\000\040\000p\000o\000s\000i\000t\000i\000o\000n\000a\000l\000\040\000e\000n\000c\000o\000d\000i\000n\000g}{section.4}% 137
\BOOKMARK [2][-]{subsection.4.20}{\376\377\000L\000a\000y\000e\000r\000\040\000N\000o\000r\000m\000a\000l\000i\000z\000a\000t\000i\000o\000n}{section.4}% 138
\BOOKMARK [2][-]{subsection.4.21}{\376\377\000L\000a\000y\000e\000r\000N\000o\000r\000m\000\040\000v\000s\000\040\000B\000a\000t\000c\000h\000N\000o\000r\000m}{section.4}% 139
\BOOKMARK [2][-]{subsection.4.22}{\376\377\000R\000e\000s\000i\000d\000u\000a\000l\000\040\000c\000o\000n\000n\000e\000c\000t\000i\000o\000n\000s\000\040\004\062\000\040\000T\000r\000a\000n\000s\000f\000o\000r\000m\000e\000r}{section.4}% 140
\BOOKMARK [2][-]{subsection.4.23}{\376\377\000F\000e\000e\000d\000-\000F\000o\000r\000w\000a\000r\000d\000\040\000N\000e\000t\000w\000o\000r\000k}{section.4}% 141
\BOOKMARK [2][-]{subsection.4.24}{\376\377\000D\000e\000c\000o\000d\000e\000r\000\040\000S\000i\000d\000e}{section.4}% 142
\BOOKMARK [2][-]{subsection.4.25}{\376\377\000M\000a\000s\000k\000e\000d\000\040\000S\000e\000l\000f\000-\000A\000t\000t\000e\000n\000t\000i\000o\000n}{section.4}% 143
\BOOKMARK [2][-]{subsection.4.26}{\376\377\000E\000n\000c\000o\000d\000e\000r\000-\000D\000e\000c\000o\000d\000e\000r\000\040\000A\000t\000t\000e\000n\000t\000i\000o\000n}{section.4}% 144
\BOOKMARK [2][-]{subsection.4.27}{\376\377\000F\000i\000n\000a\000l\000\040\000L\000i\000n\000e\000a\000r\000\040\000a\000n\000d\000\040\000S\000o\000f\000t\000m\000a\000x\000\040\000L\000a\000y\000e\000r}{section.4}% 145
\BOOKMARK [2][-]{subsection.4.28}{\376\377\004\041\004\100\004\060\004\062\004\075\004\065\004\075\004\070\004\065\000\040\000R\000N\000N\000,\000\040\000C\000N\000N\000\040\004\070\000\040\000T\000r\000a\000n\000s\000f\000o\000r\000m\000e\000r}{section.4}% 146
\BOOKMARK [2][-]{subsection.4.29}{\376\377\004\041\004\073\004\076\004\066\004\075\004\076\004\101\004\102\004\114\000\040\000s\000e\000l\000f\000-\000a\000t\000t\000e\000n\000t\000i\000o\000n}{section.4}% 147
\BOOKMARK [2][-]{subsection.4.30}{\376\377\000R\000e\000s\000e\000a\000r\000c\000h\000\040\000c\000h\000a\000l\000l\000e\000n\000g\000e\000s}{section.4}% 148
\BOOKMARK [2][-]{subsection.4.31}{\376\377\004\023\004\073\004\060\004\062\004\075\004\113\004\065\000\040\004\062\004\113\004\062\004\076\004\064\004\113}{section.4}% 149
\BOOKMARK [2][-]{subsection.4.32}{\376\377\004\047\004\102\004\076\000\040\004\062\004\060\004\066\004\075\004\076\000\040\004\077\004\076\004\074\004\075\004\070\004\102\004\114\000\040\004\072\000\040\004\115\004\072\004\067\004\060\004\074\004\065\004\075\004\103}{section.4}% 150
\BOOKMARK [1][-]{section.5}{\376\377\004\033\004\065\004\072\004\106\004\070\004\117\000\040\0005\000.\000\040\000T\000r\000a\000n\000s\000f\000e\000r\000\040\000L\000e\000a\000r\000n\000i\000n\000g\000,\000\040\000B\000E\000R\000T\000,\000\040\000G\000P\000T}{}% 151
\BOOKMARK [2][-]{subsection.5.1}{\376\377\004\037\004\073\004\060\004\075\000\040\004\073\004\065\004\072\004\106\004\070\004\070}{section.5}% 152
\BOOKMARK [2][-]{subsection.5.2}{\376\377\004\037\004\076\004\062\004\102\004\076\004\100\004\065\004\075\004\070\004\065\000:\000\040\000s\000e\000l\000f\000-\000a\000t\000t\000e\000n\000t\000i\000o\000n}{section.5}% 153
\BOOKMARK [2][-]{subsection.5.3}{\376\377\000M\000u\000l\000t\000i\000-\000H\000e\000a\000d\000\040\000A\000t\000t\000e\000n\000t\000i\000o\000n}{section.5}% 154
\BOOKMARK [2][-]{subsection.5.4}{\376\377\000P\000o\000s\000i\000t\000i\000o\000n\000a\000l\000\040\000E\000n\000c\000o\000d\000i\000n\000g}{section.5}% 155
\BOOKMARK [2][-]{subsection.5.5}{\376\377\000L\000a\000y\000e\000r\000\040\000N\000o\000r\000m\000a\000l\000i\000z\000a\000t\000i\000o\000n}{section.5}% 156
\BOOKMARK [2][-]{subsection.5.6}{\376\377\000T\000r\000a\000n\000s\000f\000o\000r\000m\000e\000r\000\040\000r\000e\000c\000a\000p}{section.5}% 157
\BOOKMARK [2][-]{subsection.5.7}{\376\377\000T\000r\000a\000n\000s\000f\000e\000r\000\040\000L\000e\000a\000r\000n\000i\000n\000g\000\040\004\062\000\040\000N\000L\000P}{section.5}% 158
\BOOKMARK [2][-]{subsection.5.8}{\376\377\000O\000p\000e\000n\000A\000I\000\040\000T\000r\000a\000n\000s\000f\000o\000r\000m\000e\000r\000\040\004\070\000\040\000G\000P\000T\000-\004\077\004\076\004\064\004\105\004\076\004\064}{section.5}% 159
\BOOKMARK [2][-]{subsection.5.9}{\376\377\000F\000i\000n\000e\000-\000t\000u\000n\000i\000n\000g\000\040\000O\000p\000e\000n\000A\000I\000\040\000T\000r\000a\000n\000s\000f\000o\000r\000m\000e\000r}{section.5}% 160
\BOOKMARK [2][-]{subsection.5.10}{\376\377\000I\000n\000p\000u\000t\000\040\000t\000r\000a\000n\000s\000f\000o\000r\000m\000a\000t\000i\000o\000n\000s\000\040\004\064\004\073\004\117\000\040\004\100\004\060\004\067\004\075\004\113\004\105\000\040\004\067\004\060\004\064\004\060\004\107}{section.5}% 161
\BOOKMARK [2][-]{subsection.5.11}{\376\377\000E\000L\000M\000o\000:\000\040\000c\000o\000n\000t\000e\000x\000t\000u\000a\000l\000i\000z\000e\000d\000\040\000w\000o\000r\000d\000\040\000e\000m\000b\000e\000d\000d\000i\000n\000g\000s}{section.5}% 162
\BOOKMARK [2][-]{subsection.5.12}{\376\377\000B\000i\000d\000i\000r\000e\000c\000t\000i\000o\000n\000a\000l\000\040\000L\000a\000n\000g\000u\000a\000g\000e\000\040\000M\000o\000d\000e\000l\000s}{section.5}% 163
\BOOKMARK [2][-]{subsection.5.13}{\376\377\000E\000L\000M\000o\000\040\000p\000i\000p\000e\000l\000i\000n\000e}{section.5}% 164
\BOOKMARK [2][-]{subsection.5.14}{\376\377\000B\000E\000R\000T}{section.5}% 165
\BOOKMARK [2][-]{subsection.5.15}{\376\377\000B\000E\000R\000T\000\040\000B\000a\000s\000e\000\040\004\070\000\040\000B\000E\000R\000T\000\040\000L\000a\000r\000g\000e}{section.5}% 166
\BOOKMARK [2][-]{subsection.5.16}{\376\377\000B\000E\000R\000T\000\040\000i\000n\000p\000u\000t\000s}{section.5}% 167
\BOOKMARK [2][-]{subsection.5.17}{\376\377\004\037\004\076\004\107\004\065\004\074\004\103\000\040\000B\000E\000R\000T\000\040\004\076\004\101\004\076\004\061\004\065\004\075\004\075\004\113\004\071}{section.5}% 168
\BOOKMARK [2][-]{subsection.5.18}{\376\377\000B\000E\000R\000T\000\040\000p\000r\000e\000-\000t\000r\000a\000i\000n\000i\000n\000g}{section.5}% 169
\BOOKMARK [3][-]{subsubsection.5.18.1}{\376\377\000M\000a\000s\000k\000e\000d\000\040\000L\000a\000n\000g\000u\000a\000g\000e\000\040\000M\000o\000d\000e\000l\000i\000n\000g}{subsection.5.18}% 170
\BOOKMARK [3][-]{subsubsection.5.18.2}{\376\377\000N\000e\000x\000t\000\040\000S\000e\000n\000t\000e\000n\000c\000e\000\040\000P\000r\000e\000d\000i\000c\000t\000i\000o\000n}{subsection.5.18}% 171
\BOOKMARK [2][-]{subsection.5.19}{\376\377\000B\000E\000R\000T\000\040\000f\000i\000n\000e\000-\000t\000u\000n\000i\000n\000g}{section.5}% 172
\BOOKMARK [3][-]{subsubsection.5.19.1}{\376\377\000T\000e\000x\000t\000\040\000c\000l\000a\000s\000s\000i\000f\000i\000c\000a\000t\000i\000o\000n}{subsection.5.19}% 173
\BOOKMARK [3][-]{subsubsection.5.19.2}{\376\377\000T\000o\000k\000e\000n\000\040\000c\000l\000a\000s\000s\000i\000f\000i\000c\000a\000t\000i\000o\000n}{subsection.5.19}% 174
\BOOKMARK [3][-]{subsubsection.5.19.3}{\376\377\000Q\000u\000e\000s\000t\000i\000o\000n\000\040\000a\000n\000s\000w\000e\000r\000i\000n\000g}{subsection.5.19}% 175
\BOOKMARK [2][-]{subsection.5.20}{\376\377\000B\000E\000R\000T\000\040\004\072\004\060\004\072\000\040\000f\000e\000a\000t\000u\000r\000e\000\040\000e\000x\000t\000r\000a\000c\000t\000o\000r}{section.5}% 176
\BOOKMARK [2][-]{subsection.5.21}{\376\377\000B\000E\000R\000T\000\040\000t\000o\000k\000e\000n\000i\000z\000a\000t\000i\000o\000n}{section.5}% 177
\BOOKMARK [2][-]{subsection.5.22}{\376\377\004\041\004\100\004\060\004\062\004\075\004\065\004\075\004\070\004\065\000\040\000E\000L\000M\000o\000,\000\040\000G\000P\000T\000-\000l\000i\000k\000e\000\040\004\074\004\076\004\064\004\065\004\073\004\065\004\071\000\040\004\070\000\040\000B\000E\000R\000T}{section.5}% 178
\BOOKMARK [2][-]{subsection.5.23}{\376\377\004\023\004\073\004\060\004\062\004\075\004\113\004\065\000\040\004\062\004\113\004\062\004\076\004\064\004\113}{section.5}% 179
\BOOKMARK [2][-]{subsection.5.24}{\376\377\004\047\004\102\004\076\000\040\004\062\004\060\004\066\004\075\004\076\000\040\004\077\004\076\004\074\004\075\004\070\004\102\004\114\000\040\004\072\000\040\004\115\004\072\004\067\004\060\004\074\004\065\004\075\004\103}{section.5}% 180
\BOOKMARK [1][-]{section.6}{\376\377\004\033\004\065\004\072\004\106\004\070\004\117\000\040\0006\000.\000\040\000C\000o\000n\000t\000r\000a\000s\000t\000i\000v\000e\000\040\000L\000e\000a\000r\000n\000i\000n\000g}{}% 181
\BOOKMARK [2][-]{subsection.6.1}{\376\377\004\037\004\073\004\060\004\075\000\040\004\073\004\065\004\072\004\106\004\070\004\070}{section.6}% 182
\BOOKMARK [2][-]{subsection.6.2}{\376\377\000S\000e\000l\000f\000-\000s\000u\000p\000e\000r\000v\000i\000s\000e\000d\000\040\000l\000e\000a\000r\000n\000i\000n\000g}{section.6}% 183
\BOOKMARK [2][-]{subsection.6.3}{\376\377\000P\000r\000e\000t\000e\000x\000t\000\040\000t\000a\000s\000k}{section.6}% 184
\BOOKMARK [2][-]{subsection.6.4}{\376\377\000G\000e\000n\000e\000r\000a\000t\000i\000v\000e\000\040\000v\000s\000\040\000s\000e\000l\000f\000-\000s\000u\000p\000e\000r\000v\000i\000s\000e\000d\000\040\000l\000e\000a\000r\000n\000i\000n\000g}{section.6}% 185
\BOOKMARK [2][-]{subsection.6.5}{\376\377\004\032\004\060\004\072\000\040\004\076\004\106\004\065\004\075\004\070\004\062\004\060\004\102\004\114\000\040\000s\000e\000l\000f\000-\000s\000u\000p\000e\000r\000v\000i\000s\000e\000d\000\040\000l\000e\000a\000r\000n\000i\000n\000g}{section.6}% 186
\BOOKMARK [2][-]{subsection.6.6}{\376\377\000P\000r\000e\000t\000e\000x\000t\000\040\000t\000a\000s\000k\000s\000\040\000f\000r\000o\000m\000\040\000i\000m\000a\000g\000e\000\040\000t\000r\000a\000n\000s\000f\000o\000r\000m\000a\000t\000i\000o\000n\000s}{section.6}% 187
\BOOKMARK [2][-]{subsection.6.7}{\376\377\000P\000r\000e\000t\000e\000x\000t\000\040\000t\000a\000s\000k\000:\000\040\000p\000r\000e\000d\000i\000c\000t\000\040\000r\000o\000t\000a\000t\000i\000o\000n\000s}{section.6}% 188
\BOOKMARK [2][-]{subsection.6.8}{\376\377\000T\000r\000a\000n\000s\000f\000e\000r\000\040\000l\000e\000a\000r\000n\000e\000d\000\040\000f\000e\000a\000t\000u\000r\000e\000s}{section.6}% 189
\BOOKMARK [2][-]{subsection.6.9}{\376\377\000P\000r\000e\000t\000e\000x\000t\000\040\000t\000a\000s\000k\000:\000\040\000p\000r\000e\000d\000i\000c\000t\000\040\000r\000e\000l\000a\000t\000i\000v\000e\000\040\000p\000a\000t\000c\000h\000\040\000l\000o\000c\000a\000t\000i\000o\000n\000s}{section.6}% 190
\BOOKMARK [2][-]{subsection.6.10}{\376\377\000P\000r\000e\000t\000e\000x\000t\000\040\000t\000a\000s\000k\000:\000\040\000s\000o\000l\000v\000i\000n\000g\000\040\000j\000i\000g\000s\000a\000w\000\040\000p\000u\000z\000z\000l\000e\000s}{section.6}% 191
\BOOKMARK [2][-]{subsection.6.11}{\376\377\000P\000r\000e\000t\000e\000x\000t\000\040\000t\000a\000s\000k\000:\000\040\000i\000n\000p\000a\000i\000n\000t\000i\000n\000g}{section.6}% 192
\BOOKMARK [2][-]{subsection.6.12}{\376\377\000L\000o\000s\000s\000\040\004\064\004\073\004\117\000\040\000i\000n\000p\000a\000i\000n\000t\000i\000n\000g}{section.6}% 193
\BOOKMARK [2][-]{subsection.6.13}{\376\377\000P\000r\000e\000t\000e\000x\000t\000\040\000t\000a\000s\000k\000:\000\040\000i\000m\000a\000g\000e\000\040\000c\000o\000l\000o\000r\000i\000n\000g}{section.6}% 194
\BOOKMARK [2][-]{subsection.6.14}{\376\377\000S\000p\000l\000i\000t\000-\000b\000r\000a\000i\000n\000\040\000a\000u\000t\000o\000e\000n\000c\000o\000d\000e\000r}{section.6}% 195
\BOOKMARK [2][-]{subsection.6.15}{\376\377\000P\000r\000e\000t\000e\000x\000t\000\040\000t\000a\000s\000k\000:\000\040\000v\000i\000d\000e\000o\000\040\000c\000o\000l\000o\000r\000i\000n\000g}{section.6}% 196
\BOOKMARK [2][-]{subsection.6.16}{\376\377\004\037\004\100\004\076\004\061\004\073\004\065\004\074\004\113\000\040\000h\000a\000n\000d\000c\000r\000a\000f\000t\000e\000d\000\040\000p\000r\000e\000t\000e\000x\000t\000\040\000t\000a\000s\000k\000s}{section.6}% 197
\BOOKMARK [2][-]{subsection.6.17}{\376\377\000C\000o\000n\000t\000r\000a\000s\000t\000i\000v\000e\000\040\000R\000e\000p\000r\000e\000s\000e\000n\000t\000a\000t\000i\000o\000n\000\040\000L\000e\000a\000r\000n\000i\000n\000g}{section.6}% 198
\BOOKMARK [2][-]{subsection.6.18}{\376\377\000P\000o\000s\000i\000t\000i\000v\000e\000\040\004\070\000\040\000n\000e\000g\000a\000t\000i\000v\000e\000\040\000s\000a\000m\000p\000l\000e\000s}{section.6}% 199
\BOOKMARK [2][-]{subsection.6.19}{\376\377\000I\000n\000f\000o\000N\000C\000E\000\040\000l\000o\000s\000s}{section.6}% 200
\BOOKMARK [2][-]{subsection.6.20}{\376\377\000C\000o\000s\000i\000n\000e\000\040\000s\000i\000m\000i\000l\000a\000r\000i\000t\000y}{section.6}% 201
\BOOKMARK [2][-]{subsection.6.21}{\376\377\000S\000i\000m\000C\000L\000R}{section.6}% 202
\BOOKMARK [2][-]{subsection.6.22}{\376\377\000S\000i\000m\000C\000L\000R\000\040\000l\000o\000s\000s\000\040\004\062\000\040\000m\000i\000n\000i\000-\000b\000a\000t\000c\000h}{section.6}% 203
\BOOKMARK [2][-]{subsection.6.23}{\376\377\000P\000r\000o\000j\000e\000c\000t\000i\000o\000n\000\040\000h\000e\000a\000d\000\040\004\062\000\040\000S\000i\000m\000C\000L\000R}{section.6}% 204
\BOOKMARK [2][-]{subsection.6.24}{\376\377\000L\000a\000r\000g\000e\000\040\000b\000a\000t\000c\000h\000\040\000s\000i\000z\000e\000\040\004\062\000\040\000S\000i\000m\000C\000L\000R}{section.6}% 205
\BOOKMARK [2][-]{subsection.6.25}{\376\377\000M\000o\000C\000o}{section.6}% 206
\BOOKMARK [2][-]{subsection.6.26}{\376\377\000M\000o\000m\000e\000n\000t\000u\000m\000\040\000u\000p\000d\000a\000t\000e\000\040\004\062\000\040\000M\000o\000C\000o}{section.6}% 207
\BOOKMARK [2][-]{subsection.6.27}{\376\377\000M\000o\000C\000o\000\040\000v\000s\000\040\000S\000i\000m\000C\000L\000R}{section.6}% 208
\BOOKMARK [2][-]{subsection.6.28}{\376\377\000M\000o\000C\000o\000\040\000v\0002}{section.6}% 209
\BOOKMARK [2][-]{subsection.6.29}{\376\377\000I\000n\000s\000t\000a\000n\000c\000e\000\040\000v\000s\000\040\000s\000e\000q\000u\000e\000n\000c\000e\000\040\000c\000o\000n\000t\000r\000a\000s\000t\000i\000v\000e\000\040\000l\000e\000a\000r\000n\000i\000n\000g}{section.6}% 210
\BOOKMARK [2][-]{subsection.6.30}{\376\377\000C\000o\000n\000t\000r\000a\000s\000t\000i\000v\000e\000\040\000P\000r\000e\000d\000i\000c\000t\000i\000v\000e\000\040\000C\000o\000d\000i\000n\000g}{section.6}% 211
\BOOKMARK [2][-]{subsection.6.31}{\376\377\000C\000P\000C\000\040\000p\000i\000p\000e\000l\000i\000n\000e}{section.6}% 212
\BOOKMARK [3][-]{subsubsection.6.31.1}{\376\377\004\050\004\060\004\063\000\040\0001\000:\000\040\000e\000n\000c\000o\000d\000e\000\040\000s\000a\000m\000p\000l\000e\000s}{subsection.6.31}% 213
\BOOKMARK [3][-]{subsubsection.6.31.2}{\376\377\004\050\004\060\004\063\000\040\0002\000:\000\040\000s\000u\000m\000m\000a\000r\000i\000z\000e\000\040\000c\000o\000n\000t\000e\000x\000t}{subsection.6.31}% 214
\BOOKMARK [3][-]{subsubsection.6.31.3}{\376\377\004\050\004\060\004\063\000\040\0003\000:\000\040\000c\000o\000n\000t\000r\000a\000s\000t\000i\000v\000e\000\040\000p\000r\000e\000d\000i\000c\000t\000i\000o\000n}{subsection.6.31}% 215
\BOOKMARK [2][-]{subsection.6.32}{\376\377\004\037\004\100\004\070\004\074\004\065\004\075\004\065\004\075\004\070\004\117\000\040\000C\000P\000C}{section.6}% 216
\BOOKMARK [2][-]{subsection.6.33}{\376\377\000C\000o\000n\000t\000r\000a\000s\000t\000i\000v\000e\000\040\000l\000e\000a\000r\000n\000i\000n\000g\000\040\004\070\000\040\000m\000u\000t\000u\000a\000l\000\040\000i\000n\000f\000o\000r\000m\000a\000t\000i\000o\000n}{section.6}% 217
\BOOKMARK [2][-]{subsection.6.34}{\376\377\004\024\004\100\004\103\004\063\004\070\004\065\000\040\004\077\004\100\004\070\004\074\004\065\004\100\004\113\000\040\000c\000o\000n\000t\000r\000a\000s\000t\000i\000v\000e\000/\000s\000e\000l\000f\000-\000s\000u\000p\000e\000r\000v\000i\000s\000e\000d\000\040\000l\000e\000a\000r\000n\000i\000n\000g}{section.6}% 218
\BOOKMARK [2][-]{subsection.6.35}{\376\377\004\023\004\073\004\060\004\062\004\075\004\113\004\065\000\040\004\062\004\113\004\062\004\076\004\064\004\113}{section.6}% 219
\BOOKMARK [2][-]{subsection.6.36}{\376\377\004\047\004\102\004\076\000\040\004\062\004\060\004\066\004\075\004\076\000\040\004\077\004\076\004\074\004\075\004\070\004\102\004\114\000\040\004\072\000\040\004\115\004\072\004\067\004\060\004\074\004\065\004\075\004\103}{section.6}% 220
\BOOKMARK [1][-]{section.7}{\376\377\004\033\004\065\004\072\004\106\004\070\004\117\000\040\0007\000.\000\040\000I\000n\000t\000r\000o\000d\000u\000c\000t\000i\000o\000n\000\040\000t\000o\000\040\000R\000e\000i\000n\000f\000o\000r\000c\000e\000m\000e\000n\000t\000\040\000L\000e\000a\000r\000n\000i\000n\000g}{}% 221
\BOOKMARK [2][-]{subsection.7.1}{\376\377\004\037\004\073\004\060\004\075\000\040\004\073\004\065\004\072\004\106\004\070\004\070}{section.7}% 222
\BOOKMARK [2][-]{subsection.7.2}{\376\377\000S\000u\000p\000e\000r\000v\000i\000s\000e\000d\000\040\000L\000e\000a\000r\000n\000i\000n\000g\000\040\004\070\000\040\000R\000e\000i\000n\000f\000o\000r\000c\000e\000m\000e\000n\000t\000\040\000L\000e\000a\000r\000n\000i\000n\000g}{section.7}% 223
\BOOKMARK [2][-]{subsection.7.3}{\376\377\004\021\004\060\004\067\004\076\004\062\004\060\004\117\000\040\004\101\004\105\004\065\004\074\004\060\000\040\000R\000e\000i\000n\000f\000o\000r\000c\000e\000m\000e\000n\000t\000\040\000L\000e\000a\000r\000n\000i\000n\000g}{section.7}% 224
\BOOKMARK [2][-]{subsection.7.4}{\376\377\000P\000o\000l\000i\000c\000y}{section.7}% 225
\BOOKMARK [2][-]{subsection.7.5}{\376\377\004\037\004\100\004\070\004\074\004\065\004\100\004\113\000\040\000R\000L\000-\004\067\004\060\004\064\004\060\004\107}{section.7}% 226
\BOOKMARK [3][-]{subsubsection.7.5.1}{\376\377\004\043\004\077\004\100\004\060\004\062\004\073\004\065\004\075\004\070\004\065\000\040\004\100\004\076\004\061\004\076\004\102\004\076\004\074}{subsection.7.5}% 227
\BOOKMARK [3][-]{subsubsection.7.5.2}{\376\377\004\043\004\077\004\100\004\060\004\062\004\073\004\065\004\075\004\070\004\065\000\040\004\062\004\065\004\100\004\102\004\076\004\073\004\121\004\102\004\076\004\074}{subsection.7.5}% 228
\BOOKMARK [3][-]{subsubsection.7.5.3}{\376\377\004\022\004\070\004\064\004\065\004\076\004\070\004\063\004\100\004\113}{subsection.7.5}% 229
\BOOKMARK [2][-]{subsection.7.6}{\376\377\004\032\004\073\004\116\004\107\004\065\004\062\004\113\004\065\000\040\004\062\004\076\004\077\004\100\004\076\004\101\004\113\000\040\000R\000e\000i\000n\000f\000o\000r\000c\000e\000m\000e\000n\000t\000\040\000L\000e\000a\000r\000n\000i\000n\000g}{section.7}% 230
\BOOKMARK [3][-]{subsubsection.7.6.1}{\376\377\004\047\004\102\004\076\000\040\004\102\004\060\004\072\004\076\004\065\000\040\004\076\004\077\004\102\004\070\004\074\004\060\004\073\004\114\004\075\004\076\004\065\000\040\004\064\004\065\004\071\004\101\004\102\004\062\004\070\004\065\000?}{subsection.7.6}% 231
\BOOKMARK [3][-]{subsubsection.7.6.2}{\376\377\000E\000x\000p\000l\000o\000r\000e\000\040\000o\000r\000\040\000e\000x\000p\000l\000o\000i\000t\000?}{subsection.7.6}% 232
\BOOKMARK [2][-]{subsection.7.7}{\376\377\000M\000u\000l\000t\000i\000-\000A\000r\000m\000e\000d\000\040\000B\000a\000n\000d\000i\000t\000s}{section.7}% 233
\BOOKMARK [2][-]{subsection.7.8}{\376\377\000M\000D\000P\000\040\000f\000o\000r\000m\000a\000l\000i\000s\000m}{section.7}% 234
\BOOKMARK [2][-]{subsection.7.9}{\376\377\000M\000a\000r\000k\000o\000v\000\040\000p\000r\000o\000p\000e\000r\000t\000y}{section.7}% 235
\BOOKMARK [2][-]{subsection.7.10}{\376\377\000T\000o\000t\000a\000l\000\040\000r\000e\000w\000a\000r\000d}{section.7}% 236
\BOOKMARK [2][-]{subsection.7.11}{\376\377\000V\000a\000l\000u\000e\000\040\000f\000u\000n\000c\000t\000i\000o\000n\000\040\004\070\000\040\000Q\000-\000f\000u\000n\000c\000t\000i\000o\000n}{section.7}% 237
\BOOKMARK [2][-]{subsection.7.12}{\376\377\000B\000e\000l\000l\000m\000a\000n\000\040\000r\000e\000l\000a\000t\000i\000o\000n\000s}{section.7}% 238
\BOOKMARK [2][-]{subsection.7.13}{\376\377\004\041\004\062\004\117\004\067\004\114\000\040\000R\000L\000\040\004\101\000\040\004\077\004\101\004\070\004\105\004\076\004\073\004\076\004\063\004\070\004\065\004\071}{section.7}% 239
\BOOKMARK [2][-]{subsection.7.14}{\376\377\004\032\004\060\004\072\000\040\004\074\004\060\004\072\004\101\004\070\004\074\004\070\004\067\004\070\004\100\004\076\004\062\004\060\004\102\004\114\000\040\000r\000e\000w\000a\000r\000d}{section.7}% 240
\BOOKMARK [2][-]{subsection.7.15}{\376\377\000C\000r\000o\000s\000s\000-\000E\000n\000t\000r\000o\000p\000y\000\040\000M\000e\000t\000h\000o\000d}{section.7}% 241
\BOOKMARK [2][-]{subsection.7.16}{\376\377\000C\000r\000o\000s\000s\000-\000E\000n\000t\000r\000o\000p\000y\000\040\000M\000e\000t\000h\000o\000d\000:\000\040\000t\000a\000b\000u\000l\000a\000r\000\040\000c\000a\000s\000e}{section.7}% 242
\BOOKMARK [2][-]{subsection.7.17}{\376\377\004\036\004\061\004\075\004\076\004\062\004\073\004\065\004\075\004\070\004\065\000\040\000p\000o\000l\000i\000c\000y\000\040\004\062\000\040\000t\000a\000b\000u\000l\000a\000r\000\040\000C\000E\000M}{section.7}% 243
\BOOKMARK [2][-]{subsection.7.18}{\376\377\004\037\004\100\004\076\004\061\004\073\004\065\004\074\004\060\000\040\004\061\004\076\004\073\004\114\004\110\004\070\004\105\000\040\004\077\004\100\004\076\004\101\004\102\004\100\004\060\004\075\004\101\004\102\004\062\000\040\004\101\004\076\004\101\004\102\004\076\004\117\004\075\004\070\004\071}{section.7}% 244
\BOOKMARK [2][-]{subsection.7.19}{\376\377\000A\000p\000p\000r\000o\000x\000i\000m\000a\000t\000e\000\040\000C\000r\000o\000s\000s\000-\000E\000n\000t\000r\000o\000p\000y\000\040\000M\000e\000t\000h\000o\000d}{section.7}% 245
\BOOKMARK [2][-]{subsection.7.20}{\376\377\000C\000o\000n\000t\000i\000n\000u\000o\000u\000s\000\040\000a\000c\000t\000i\000o\000n\000\040\000s\000p\000a\000c\000e}{section.7}% 246
\BOOKMARK [2][-]{subsection.7.21}{\376\377\000U\000s\000e\000f\000u\000l\000\040\000i\000d\000e\000a\000s\000\040\004\064\004\073\004\117\000\040\000C\000E\000M}{section.7}% 247
\BOOKMARK [3][-]{subsubsection.7.21.1}{\376\377\004\030\004\101\004\077\004\076\004\073\004\114\004\067\004\076\004\062\004\060\004\075\004\070\004\065\000\040\004\077\004\100\004\076\004\110\004\073\004\113\004\105\000\040\000e\000l\000i\000t\000e\000\040\000s\000e\000s\000s\000i\000o\000n\000s}{subsection.7.21}% 248
\BOOKMARK [3][-]{subsubsection.7.21.2}{\376\377\000E\000n\000t\000r\000o\000p\000y\000\040\000r\000e\000g\000u\000l\000a\000r\000i\000z\000a\000t\000i\000o\000n}{subsection.7.21}% 249
\BOOKMARK [2][-]{subsection.7.22}{\376\377\000Q\000-\000l\000e\000a\000r\000n\000i\000n\000g}{section.7}% 250
\BOOKMARK [2][-]{subsection.7.23}{\376\377\000Q\000-\000l\000e\000a\000r\000n\000i\000n\000g\000\040\004\072\004\060\004\072\000\040\000M\000S\000E\000\040\000m\000i\000n\000i\000m\000i\000z\000a\000t\000i\000o\000n}{section.7}% 251
\BOOKMARK [2][-]{subsection.7.24}{\376\377\000A\000p\000p\000r\000o\000x\000i\000m\000a\000t\000e\000\040\000Q\000-\000l\000e\000a\000r\000n\000i\000n\000g}{section.7}% 252
\BOOKMARK [2][-]{subsection.7.25}{\376\377\000B\000a\000s\000i\000c\000\040\000D\000e\000e\000p\000\040\000Q\000-\000L\000e\000a\000r\000n\000i\000n\000g}{section.7}% 253
\BOOKMARK [2][-]{subsection.7.26}{\376\377\000R\000L\000\040\000v\000s\000\040\000S\000u\000p\000e\000r\000v\000i\000s\000e\000d\000\040\000L\000e\000a\000r\000n\000i\000n\000g}{section.7}% 254
\BOOKMARK [2][-]{subsection.7.27}{\376\377\000R\000L\000\040\000v\000s\000\040\000U\000n\000s\000u\000p\000e\000r\000v\000i\000s\000e\000d\000\040\000L\000e\000a\000r\000n\000i\000n\000g}{section.7}% 255
\BOOKMARK [2][-]{subsection.7.28}{\376\377\000R\000e\000w\000a\000r\000d\000\040\000f\000o\000r\000m\000u\000l\000a\000t\000i\000o\000n}{section.7}% 256
\BOOKMARK [2][-]{subsection.7.29}{\376\377\004\023\004\073\004\060\004\062\004\075\004\113\004\065\000\040\004\062\004\113\004\062\004\076\004\064\004\113}{section.7}% 257
\BOOKMARK [2][-]{subsection.7.30}{\376\377\004\047\004\102\004\076\000\040\004\062\004\060\004\066\004\075\004\076\000\040\004\077\004\076\004\074\004\075\004\070\004\102\004\114\000\040\004\072\000\040\004\115\004\072\004\067\004\060\004\074\004\065\004\075\004\103}{section.7}% 258
\BOOKMARK [1][-]{section.8}{\376\377\004\033\004\065\004\072\004\106\004\070\004\117\000\040\0008\000.\000\040\000B\000e\000l\000l\000m\000a\000n\000\040\000E\000q\000u\000a\000t\000i\000o\000n\000s}{}% 259
\BOOKMARK [2][-]{subsection.8.1}{\376\377\004\037\004\073\004\060\004\075\000\040\004\073\004\065\004\072\004\106\004\070\004\070}{section.8}% 260
\BOOKMARK [2][-]{subsection.8.2}{\376\377\004\037\004\076\004\062\004\102\004\076\004\100\004\065\004\075\004\070\004\065\000:\000\040\000M\000D\000P\000\040\000f\000o\000r\000m\000a\000l\000i\000s\000m}{section.8}% 261
\BOOKMARK [2][-]{subsection.8.3}{\376\377\000R\000e\000w\000a\000r\000d\000\040\000h\000y\000p\000o\000t\000h\000e\000s\000i\000s}{section.8}% 262
\BOOKMARK [2][-]{subsection.8.4}{\376\377\000R\000e\000t\000u\000r\000n}{section.8}% 263
\BOOKMARK [2][-]{subsection.8.5}{\376\377\004\037\004\100\004\076\004\061\004\073\004\065\004\074\004\060\000\040\004\061\004\065\004\101\004\072\004\076\004\075\004\065\004\107\004\075\004\076\004\063\004\076\000\040\000r\000e\000t\000u\000r\000n}{section.8}% 264
\BOOKMARK [2][-]{subsection.8.6}{\376\377\000R\000e\000w\000a\000r\000d\000\040\000d\000i\000s\000c\000o\000u\000n\000t\000i\000n\000g}{section.8}% 265
\BOOKMARK [2][-]{subsection.8.7}{\376\377\004\030\004\075\004\102\004\065\004\100\004\077\004\100\004\065\004\102\004\060\004\106\004\070\004\117\000\040\000d\000i\000s\000c\000o\000u\000n\000t\000\040\000f\000a\000c\000t\000o\000r}{section.8}% 266
\BOOKMARK [2][-]{subsection.8.8}{\376\377\004\040\004\065\004\072\004\103\004\100\004\101\004\070\004\062\004\075\004\060\004\117\000\040\004\104\004\076\004\100\004\074\004\060\000\040\000r\000e\000t\000u\000r\000n}{section.8}% 267
\BOOKMARK [2][-]{subsection.8.9}{\376\377\000D\000i\000s\000c\000o\000u\000n\000t\000i\000n\000g\000\040\004\072\004\060\004\072\000\040\000s\000t\000a\000t\000i\000o\000n\000a\000r\000y\000\040\000e\000n\000d\000-\000o\000f\000-\000e\000f\000f\000e\000c\000t\000\040\000m\000o\000d\000e\000l}{section.8}% 268
\BOOKMARK [2][-]{subsection.8.10}{\376\377\000R\000e\000w\000a\000r\000d\000\040\000d\000e\000s\000i\000g\000n}{section.8}% 269
\BOOKMARK [3][-]{subsubsection.8.10.1}{\376\377\004\037\004\100\004\070\004\074\004\065\004\100\000:\000\040\004\110\004\060\004\105\004\074\004\060\004\102\004\113}{subsection.8.10}% 270
\BOOKMARK [3][-]{subsubsection.8.10.2}{\376\377\004\037\004\100\004\070\004\074\004\065\004\100\000:\000\040\004\064\004\062\004\070\004\066\004\065\004\075\004\070\004\065\000\040\004\072\000\040\004\106\004\065\004\073\004\070}{subsection.8.10}% 271
\BOOKMARK [3][-]{subsubsection.8.10.3}{\376\377\000F\000a\000u\000l\000t\000y\000\040\000r\000e\000w\000a\000r\000d\000\040\000f\000u\000n\000c\000t\000i\000o\000n\000s}{subsection.8.10}% 272
\BOOKMARK [2][-]{subsection.8.11}{\376\377\000R\000e\000w\000a\000r\000d\000\040\000s\000c\000a\000l\000i\000n\000g\000\040\004\070\000\040\000r\000e\000w\000a\000r\000d\000\040\000s\000h\000a\000p\000i\000n\000g}{section.8}% 273
\BOOKMARK [3][-]{subsubsection.8.11.1}{\376\377\000R\000e\000w\000a\000r\000d\000\040\000s\000c\000a\000l\000i\000n\000g}{subsection.8.11}% 274
\BOOKMARK [3][-]{subsubsection.8.11.2}{\376\377\000P\000o\000t\000e\000n\000t\000i\000a\000l\000-\000b\000a\000s\000e\000d\000\040\000r\000e\000w\000a\000r\000d\000\040\000s\000h\000a\000p\000i\000n\000g}{subsection.8.11}% 275
\BOOKMARK [2][-]{subsection.8.12}{\376\377\000E\000x\000p\000e\000c\000t\000e\000d\000\040\000o\000b\000j\000e\000c\000t\000i\000v\000e}{section.8}% 276
\BOOKMARK [2][-]{subsection.8.13}{\376\377\000B\000a\000c\000k\000u\000p\000\040\000t\000r\000e\000e}{section.8}% 277
\BOOKMARK [2][-]{subsection.8.14}{\376\377\000S\000t\000a\000t\000e\000-\000v\000a\000l\000u\000e\000\040\000f\000u\000n\000c\000t\000i\000o\000n}{section.8}% 278
\BOOKMARK [2][-]{subsection.8.15}{\376\377\000A\000c\000t\000i\000o\000n\000-\000v\000a\000l\000u\000e\000\040\000f\000u\000n\000c\000t\000i\000o\000n}{section.8}% 279
\BOOKMARK [2][-]{subsection.8.16}{\376\377\004\041\004\062\004\117\004\067\004\114\000\040\004\074\004\065\004\066\004\064\004\103\000\040\000v\000\050\000s\000\051\000\040\004\070\000\040\000q\000\050\000s\000,\000a\000\051}{section.8}% 280
\BOOKMARK [2][-]{subsection.8.17}{\376\377\000B\000e\000l\000l\000m\000a\000n\000\040\000e\000x\000p\000e\000c\000t\000a\000t\000i\000o\000n\000\040\000e\000q\000u\000a\000t\000i\000o\000n\000s}{section.8}% 281
\BOOKMARK [2][-]{subsection.8.18}{\376\377\004\027\004\060\004\107\004\065\004\074\000\040\004\075\004\103\004\066\004\075\004\113\000\040\000v\000a\000l\000u\000e\000\040\000f\000u\000n\000c\000t\000i\000o\000n\000s}{section.8}% 282
\BOOKMARK [2][-]{subsection.8.19}{\376\377\000O\000p\000t\000i\000m\000a\000l\000\040\000p\000o\000l\000i\000c\000y}{section.8}% 283
\BOOKMARK [2][-]{subsection.8.20}{\376\377\000B\000e\000l\000l\000m\000a\000n\000\040\000o\000p\000t\000i\000m\000a\000l\000i\000t\000y\000\040\000e\000q\000u\000a\000t\000i\000o\000n\000\040\004\064\004\073\004\117\000\040\000v\000*\000\050\000s\000\051}{section.8}% 284
\BOOKMARK [2][-]{subsection.8.21}{\376\377\000B\000e\000l\000l\000m\000a\000n\000\040\000o\000p\000t\000i\000m\000a\000l\000i\000t\000y\000\040\000e\000q\000u\000a\000t\000i\000o\000n\000\040\004\064\004\073\004\117\000\040\000q\000*\000\050\000s\000,\000a\000\051}{section.8}% 285
\BOOKMARK [2][-]{subsection.8.22}{\376\377\004\036\004\077\004\102\004\070\004\074\004\060\004\073\004\114\004\075\004\060\004\117\000\040\000p\000o\000l\000i\000c\000y\000\040\004\070\004\067\000\040\000v\000*\000\040\004\070\000\040\000q\000*}{section.8}% 286
\BOOKMARK [2][-]{subsection.8.23}{\376\377\000P\000o\000l\000i\000c\000y\000\040\000E\000v\000a\000l\000u\000a\000t\000i\000o\000n}{section.8}% 287
\BOOKMARK [2][-]{subsection.8.24}{\376\377\000P\000o\000l\000i\000c\000y\000\040\000I\000m\000p\000r\000o\000v\000e\000m\000e\000n\000t}{section.8}% 288
\BOOKMARK [2][-]{subsection.8.25}{\376\377\000G\000e\000n\000e\000r\000a\000l\000i\000z\000e\000d\000\040\000P\000o\000l\000i\000c\000y\000\040\000I\000t\000e\000r\000a\000t\000i\000o\000n}{section.8}% 289
\BOOKMARK [2][-]{subsection.8.26}{\376\377\000P\000o\000l\000i\000c\000y\000\040\000I\000t\000e\000r\000a\000t\000i\000o\000n}{section.8}% 290
\BOOKMARK [2][-]{subsection.8.27}{\376\377\000V\000a\000l\000u\000e\000\040\000I\000t\000e\000r\000a\000t\000i\000o\000n}{section.8}% 291
\BOOKMARK [2][-]{subsection.8.28}{\376\377\000P\000o\000l\000i\000c\000y\000\040\000I\000t\000e\000r\000a\000t\000i\000o\000n\000\040\000v\000s\000\040\000V\000a\000l\000u\000e\000\040\000I\000t\000e\000r\000a\000t\000i\000o\000n}{section.8}% 292
\BOOKMARK [2][-]{subsection.8.29}{\376\377\004\023\004\073\004\060\004\062\004\075\004\113\004\065\000\040\004\062\004\113\004\062\004\076\004\064\004\113}{section.8}% 293
\BOOKMARK [2][-]{subsection.8.30}{\376\377\004\047\004\102\004\076\000\040\004\062\004\060\004\066\004\075\004\076\000\040\004\077\004\076\004\074\004\075\004\070\004\102\004\114\000\040\004\072\000\040\004\115\004\072\004\067\004\060\004\074\004\065\004\075\004\103}{section.8}% 294
\BOOKMARK [1][-]{section.9}{\376\377\004\033\004\065\004\072\004\106\004\070\004\117\000\040\0009\000.\000\040\000M\000o\000d\000e\000l\000-\000F\000r\000e\000e\000\040\000L\000e\000a\000r\000n\000i\000n\000g\000\040\000i\000n\000\040\000R\000e\000i\000n\000f\000o\000r\000c\000e\000m\000e\000n\000t\000\040\000L\000e\000a\000r\000n\000i\000n\000g}{}% 295
\BOOKMARK [2][-]{subsection.9.1}{\376\377\004\037\004\073\004\060\004\075\000\040\004\073\004\065\004\072\004\106\004\070\004\070}{section.9}% 296
\BOOKMARK [2][-]{subsection.9.2}{\376\377\004\037\004\076\004\062\004\102\004\076\004\100\004\065\004\075\004\070\004\065\000:\000\040\000M\000D\000P}{section.9}% 297
\BOOKMARK [2][-]{subsection.9.3}{\376\377\000R\000e\000w\000a\000r\000d\000\040\000h\000y\000p\000o\000t\000h\000e\000s\000i\000s}{section.9}% 298
\BOOKMARK [2][-]{subsection.9.4}{\376\377\000R\000e\000w\000a\000r\000d\000\040\000d\000e\000s\000i\000g\000n}{section.9}% 299
\BOOKMARK [2][-]{subsection.9.5}{\376\377\000R\000e\000w\000a\000r\000d\000\040\000d\000i\000s\000c\000o\000u\000n\000t\000i\000n\000g}{section.9}% 300
\BOOKMARK [2][-]{subsection.9.6}{\376\377\000S\000t\000a\000t\000e\000-\000v\000a\000l\000u\000e\000\040\000f\000u\000n\000c\000t\000i\000o\000n}{section.9}% 301
\BOOKMARK [2][-]{subsection.9.7}{\376\377\000A\000c\000t\000i\000o\000n\000-\000v\000a\000l\000u\000e\000\040\000f\000u\000n\000c\000t\000i\000o\000n}{section.9}% 302
\BOOKMARK [2][-]{subsection.9.8}{\376\377\004\036\004\077\004\102\004\070\004\074\004\060\004\073\004\114\004\075\004\113\004\065\000\040\000v\000a\000l\000u\000e\000\040\000f\000u\000n\000c\000t\000i\000o\000n\000s}{section.9}% 303
\BOOKMARK [2][-]{subsection.9.9}{\376\377\000M\000o\000d\000e\000l\000-\000b\000a\000s\000e\000d\000\040\004\070\000\040\000m\000o\000d\000e\000l\000-\000f\000r\000e\000e\000\040\000l\000e\000a\000r\000n\000i\000n\000g}{section.9}% 304
\BOOKMARK [2][-]{subsection.9.10}{\376\377\004\037\004\076\004\107\004\065\004\074\004\103\000\040\004\062\000\040\000m\000o\000d\000e\000l\000-\000f\000r\000e\000e\000\040\004\103\004\064\004\076\004\061\004\075\004\076\000\040\004\103\004\107\004\070\004\102\004\114\000\040\000Q\000\050\000s\000,\000a\000\051}{section.9}% 305
\BOOKMARK [2][-]{subsection.9.11}{\376\377\000M\000o\000n\000t\000e\000\040\000C\000a\000r\000l\000o\000\040\000e\000s\000t\000i\000m\000a\000t\000i\000o\000n}{section.9}% 306
\BOOKMARK [2][-]{subsection.9.12}{\376\377\000T\000e\000m\000p\000o\000r\000a\000l\000\040\000D\000i\000f\000f\000e\000r\000e\000n\000c\000e\000\040\000l\000e\000a\000r\000n\000i\000n\000g}{section.9}% 307
\BOOKMARK [2][-]{subsection.9.13}{\376\377\000Q\000-\000l\000e\000a\000r\000n\000i\000n\000g}{section.9}% 308
\BOOKMARK [2][-]{subsection.9.14}{\376\377\000M\000o\000n\000t\000e\000\040\000C\000a\000r\000l\000o\000\040\000v\000s\000\040\000T\000e\000m\000p\000o\000r\000a\000l\000\040\000D\000i\000f\000f\000e\000r\000e\000n\000c\000e}{section.9}% 309
\BOOKMARK [2][-]{subsection.9.15}{\376\377\000P\000o\000l\000i\000c\000y\000\040\004\070\004\067\000\040\000Q\000-\000f\000u\000n\000c\000t\000i\000o\000n}{section.9}% 310
\BOOKMARK [2][-]{subsection.9.16}{\376\377\000E\000x\000p\000l\000o\000r\000a\000t\000i\000o\000n\000-\000e\000x\000p\000l\000o\000i\000t\000a\000t\000i\000o\000n\000\040\000t\000r\000a\000d\000e\000o\000f\000f}{section.9}% 311
\BOOKMARK [3][-]{subsubsection.9.16.1}{\376\377\000e\000p\000s\000i\000l\000o\000n\000-\000g\000r\000e\000e\000d\000y}{subsection.9.16}% 312
\BOOKMARK [3][-]{subsubsection.9.16.2}{\376\377\000S\000o\000f\000t\000m\000a\000x\000\040\000p\000o\000l\000i\000c\000y}{subsection.9.16}% 313
\BOOKMARK [2][-]{subsection.9.17}{\376\377\000A\000p\000p\000r\000o\000x\000i\000m\000a\000t\000e\000\040\000Q\000-\000l\000e\000a\000r\000n\000i\000n\000g}{section.9}% 314
\BOOKMARK [2][-]{subsection.9.18}{\376\377\000Q\000-\000l\000e\000a\000r\000n\000i\000n\000g\000\040\004\072\004\060\004\072\000\040\004\074\004\070\004\075\004\070\004\074\004\070\004\067\004\060\004\106\004\070\004\117\000\040\000M\000S\000E}{section.9}% 315
\BOOKMARK [2][-]{subsection.9.19}{\376\377\004\020\004\100\004\105\004\070\004\102\004\065\004\072\004\102\004\103\004\100\004\113\000\040\004\064\004\073\004\117\000\040\000a\000p\000p\000r\000o\000x\000i\000m\000a\000t\000e\000\040\000Q\000-\000l\000e\000a\000r\000n\000i\000n\000g}{section.9}% 316
\BOOKMARK [3][-]{subsubsection.9.19.1}{\376\377\004\036\004\064\004\070\004\075\000\040\004\077\004\100\004\076\004\105\004\076\004\064\000\040\004\064\004\073\004\117\000\040\004\062\004\101\004\065\004\105\000\040\004\064\004\065\004\071\004\101\004\102\004\062\004\070\004\071}{subsection.9.19}% 317
\BOOKMARK [3][-]{subsubsection.9.19.2}{\376\377\004\034\004\076\004\064\004\065\004\073\004\114\000\040\004\064\004\073\004\117\000\040\004\077\004\060\004\100\004\113\000\040\000s\000t\000a\000t\000e\000-\000a\000c\000t\000i\000o\000n}{subsection.9.19}% 318
\BOOKMARK [2][-]{subsection.9.20}{\376\377\000B\000a\000s\000i\000c\000\040\000D\000e\000e\000p\000\040\000Q\000-\000L\000e\000a\000r\000n\000i\000n\000g}{section.9}% 319
\BOOKMARK [2][-]{subsection.9.21}{\376\377\000M\000o\000d\000e\000l\000-\000f\000r\000e\000e\000\040\000l\000e\000a\000r\000n\000i\000n\000g\000:\000\040\004\076\004\061\004\111\004\070\004\071\000\040\004\060\004\073\004\063\004\076\004\100\004\070\004\102\004\074\000\040\000Q\000-\000l\000e\000a\000r\000n\000i\000n\000g}{section.9}% 320
\BOOKMARK [2][-]{subsection.9.22}{\376\377\004\023\004\073\004\060\004\062\004\075\004\113\004\065\000\040\004\062\004\113\004\062\004\076\004\064\004\113}{section.9}% 321
\BOOKMARK [2][-]{subsection.9.23}{\376\377\004\047\004\102\004\076\000\040\004\062\004\060\004\066\004\075\004\076\000\040\004\077\004\076\004\074\004\075\004\070\004\102\004\114\000\040\004\072\000\040\004\115\004\072\004\067\004\060\004\074\004\065\004\075\004\103}{section.9}% 322
\BOOKMARK [1][-]{section.10}{\376\377\004\033\004\065\004\072\004\106\004\070\004\117\000\040\0001\0000\000.\000\040\000P\000o\000l\000i\000c\000y\000\040\000G\000r\000a\000d\000i\000e\000n\000t\000\040\000a\000n\000d\000\040\000R\000E\000I\000N\000F\000O\000R\000C\000E}{}% 323
\BOOKMARK [2][-]{subsection.10.1}{\376\377\004\037\004\073\004\060\004\075\000\040\004\073\004\065\004\072\004\106\004\070\004\070}{section.10}% 324
\BOOKMARK [2][-]{subsection.10.2}{\376\377\004\037\004\100\004\076\004\061\004\073\004\065\004\074\004\060\000\040\000v\000a\000l\000u\000e\000-\000b\000a\000s\000e\000d\000\040\004\074\004\065\004\102\004\076\004\064\004\076\004\062}{section.10}% 325
\BOOKMARK [2][-]{subsection.10.3}{\376\377\000P\000o\000l\000i\000c\000y\000-\000b\000a\000s\000e\000d\000\040\004\077\004\076\004\064\004\105\004\076\004\064}{section.10}% 326
\BOOKMARK [2][-]{subsection.10.4}{\376\377\000D\000e\000t\000e\000r\000m\000i\000n\000i\000s\000t\000i\000c\000\040\004\070\000\040\000s\000t\000o\000c\000h\000a\000s\000t\000i\000c\000\040\000p\000o\000l\000i\000c\000i\000e\000s}{section.10}% 327
\BOOKMARK [3][-]{subsubsection.10.4.1}{\376\377\000D\000e\000t\000e\000r\000m\000i\000n\000i\000s\000t\000i\000c\000\040\000p\000o\000l\000i\000c\000y}{subsection.10.4}% 328
\BOOKMARK [3][-]{subsubsection.10.4.2}{\376\377\000S\000t\000o\000c\000h\000a\000s\000t\000i\000c\000\040\000p\000o\000l\000i\000c\000y}{subsection.10.4}% 329
\BOOKMARK [2][-]{subsection.10.5}{\376\377\004\032\004\076\004\063\004\064\004\060\000\040\000s\000t\000o\000c\000h\000a\000s\000t\000i\000c\000\040\000p\000o\000l\000i\000c\000y\000\040\004\077\004\076\004\073\004\065\004\067\004\075\004\060}{section.10}% 330
\BOOKMARK [2][-]{subsection.10.6}{\376\377\000V\000a\000l\000u\000e\000-\000b\000a\000s\000e\000d\000\040\000v\000s\000\040\000p\000o\000l\000i\000c\000y\000-\000b\000a\000s\000e\000d}{section.10}% 331
\BOOKMARK [2][-]{subsection.10.7}{\376\377\000C\000r\000o\000s\000s\000-\000E\000n\000t\000r\000o\000p\000y\000\040\000M\000e\000t\000h\000o\000d\000\040\004\072\004\060\004\072\000\040\000p\000o\000l\000i\000c\000y\000-\000b\000a\000s\000e\000d\000\040\004\074\004\065\004\102\004\076\004\064}{section.10}% 332
\BOOKMARK [2][-]{subsection.10.8}{\376\377\000P\000o\000l\000i\000c\000y\000\040\000G\000r\000a\000d\000i\000e\000n\000t\000:\000\040\004\076\004\101\004\075\004\076\004\062\004\075\004\060\004\117\000\040\004\070\004\064\004\065\004\117}{section.10}% 333
\BOOKMARK [2][-]{subsection.10.9}{\376\377\000O\000b\000j\000e\000c\000t\000i\000v\000e\000\040\004\064\004\073\004\117\000\040\000o\000n\000e\000-\000s\000t\000e\000p\000\040\000p\000r\000o\000c\000e\000s\000s}{section.10}% 334
\BOOKMARK [2][-]{subsection.10.10}{\376\377\004\037\004\076\004\107\004\065\004\074\004\103\000\040\004\076\004\061\004\113\004\107\004\075\004\113\004\071\000\040\000g\000r\000a\000d\000i\000e\000n\000t\000\040\004\101\004\073\004\076\004\066\004\065\004\075}{section.10}% 335
\BOOKMARK [2][-]{subsection.10.11}{\376\377\000L\000o\000g\000-\000d\000e\000r\000i\000v\000a\000t\000i\000v\000e\000\040\000t\000r\000i\000c\000k}{section.10}% 336
\BOOKMARK [2][-]{subsection.10.12}{\376\377\000P\000o\000l\000i\000c\000y\000\040\000g\000r\000a\000d\000i\000e\000n\000t\000\040\000d\000e\000r\000i\000v\000a\000t\000i\000o\000n}{section.10}% 337
\BOOKMARK [2][-]{subsection.10.13}{\376\377\000R\000E\000I\000N\000F\000O\000R\000C\000E\000\040\004\064\004\073\004\117\000\040\000b\000a\000n\000d\000i\000t\000\040\000s\000e\000t\000t\000i\000n\000g}{section.10}% 338
\BOOKMARK [2][-]{subsection.10.14}{\376\377\000P\000o\000l\000i\000c\000y\000\040\000g\000r\000a\000d\000i\000e\000n\000t\000\040\004\064\004\073\004\117\000\040\000d\000i\000s\000c\000o\000u\000n\000t\000e\000d\000\040\000r\000e\000w\000a\000r\000d}{section.10}% 339
\BOOKMARK [2][-]{subsection.10.15}{\376\377\000R\000E\000I\000N\000F\000O\000R\000C\000E\000\040\000a\000l\000g\000o\000r\000i\000t\000h\000m}{section.10}% 340
\BOOKMARK [2][-]{subsection.10.16}{\376\377\004\022\004\113\004\107\004\070\004\101\004\073\004\065\004\075\004\070\004\065\000\040\000d\000i\000s\000c\000o\000u\000n\000t\000e\000d\000\040\000r\000e\000t\000u\000r\000n\000s}{section.10}% 341
\BOOKMARK [2][-]{subsection.10.17}{\376\377\000R\000E\000I\000N\000F\000O\000R\000C\000E\000\040\004\117\004\062\004\073\004\117\004\065\004\102\004\101\004\117\000\040\000o\000n\000-\000p\000o\000l\000i\000c\000y}{section.10}% 342
\BOOKMARK [2][-]{subsection.10.18}{\376\377\004\030\004\075\004\102\004\103\004\070\004\106\004\070\004\117\000\040\000p\000o\000l\000i\000c\000y\000\040\000g\000r\000a\000d\000i\000e\000n\000t}{section.10}% 343
\BOOKMARK [2][-]{subsection.10.19}{\376\377\004\037\004\100\004\076\004\061\004\073\004\065\004\074\004\060\000\040\004\062\004\113\004\101\004\076\004\072\004\076\004\071\000\040\004\064\004\070\004\101\004\077\004\065\004\100\004\101\004\070\004\070}{section.10}% 344
\BOOKMARK [2][-]{subsection.10.20}{\376\377\000B\000a\000s\000e\000l\000i\000n\000e\000s\000\040\004\062\000\040\000R\000E\000I\000N\000F\000O\000R\000C\000E}{section.10}% 345
\BOOKMARK [2][-]{subsection.10.21}{\376\377\004\027\004\060\004\107\004\065\004\074\000\040\004\075\004\103\004\066\004\065\004\075\000\040\000b\000a\000s\000e\000l\000i\000n\000e}{section.10}% 346
\BOOKMARK [2][-]{subsection.10.22}{\376\377\000A\000d\000v\000a\000n\000t\000a\000g\000e\000\040\000f\000u\000n\000c\000t\000i\000o\000n}{section.10}% 347
\BOOKMARK [2][-]{subsection.10.23}{\376\377\000A\000c\000t\000o\000r\000-\000C\000r\000i\000t\000i\000c}{section.10}% 348
\BOOKMARK [2][-]{subsection.10.24}{\376\377\000A\000d\000v\000a\000n\000t\000a\000g\000e\000\040\000A\000c\000t\000o\000r\000-\000C\000r\000i\000t\000i\000c}{section.10}% 349
\BOOKMARK [2][-]{subsection.10.25}{\376\377\000C\000o\000n\000t\000i\000n\000u\000o\000u\000s\000\040\000a\000c\000t\000i\000o\000n\000\040\000s\000p\000a\000c\000e\000s}{section.10}% 350
\BOOKMARK [2][-]{subsection.10.26}{\376\377\000E\000n\000t\000r\000o\000p\000y\000\040\000r\000e\000g\000u\000l\000a\000r\000i\000z\000a\000t\000i\000o\000n}{section.10}% 351
\BOOKMARK [2][-]{subsection.10.27}{\376\377\000A\0003\000C}{section.10}% 352
\BOOKMARK [2][-]{subsection.10.28}{\376\377\000I\000M\000P\000A\000L\000A}{section.10}% 353
\BOOKMARK [2][-]{subsection.10.29}{\376\377\004\037\004\100\004\060\004\072\004\102\004\070\004\107\004\065\004\101\004\072\004\070\004\065\000\040\004\067\004\060\004\074\004\065\004\107\004\060\004\075\004\070\004\117}{section.10}% 354
\BOOKMARK [2][-]{subsection.10.30}{\376\377\004\023\004\073\004\060\004\062\004\075\004\113\004\065\000\040\004\062\004\113\004\062\004\076\004\064\004\113}{section.10}% 355
\BOOKMARK [2][-]{subsection.10.31}{\376\377\004\047\004\102\004\076\000\040\004\062\004\060\004\066\004\075\004\076\000\040\004\077\004\076\004\074\004\075\004\070\004\102\004\114\000\040\004\072\000\040\004\115\004\072\004\067\004\060\004\074\004\065\004\075\004\103}{section.10}% 356
\BOOKMARK [1][-]{section.11}{\376\377\004\033\004\065\004\072\004\106\004\070\004\117\000\040\0001\0001\000.\000\040\000R\000e\000i\000n\000f\000o\000r\000c\000e\000m\000e\000n\000t\000\040\000L\000e\000a\000r\000n\000i\000n\000g\000\040\000i\000n\000\040\000L\000a\000n\000g\000u\000a\000g\000e\000\040\000M\000o\000d\000e\000l\000i\000n\000g\000\040\000a\000n\000d\000\040\000S\000C\000S\000T}{}% 357
\BOOKMARK [2][-]{subsection.11.1}{\376\377\004\037\004\073\004\060\004\075\000\040\004\073\004\065\004\072\004\106\004\070\004\070}{section.11}% 358
\BOOKMARK [2][-]{subsection.11.2}{\376\377\004\036\004\061\004\111\004\070\004\071\000\040\000R\000L\000-\004\104\004\076\004\100\004\074\004\060\004\073\004\070\004\067\004\074}{section.11}% 359
\BOOKMARK [2][-]{subsection.11.3}{\376\377\004\036\004\061\004\111\004\070\004\065\000\040\004\077\004\076\004\064\004\105\004\076\004\064\004\113\000\040\004\072\000\040\004\076\004\077\004\102\004\070\004\074\004\070\004\067\004\060\004\106\004\070\004\070\000\040\000p\000o\000l\000i\000c\000y}{section.11}% 360
\BOOKMARK [2][-]{subsection.11.4}{\376\377\000E\000n\000c\000o\000d\000e\000r\000-\000d\000e\000c\000o\000d\000e\000r\000\040\000a\000r\000c\000h\000i\000t\000e\000c\000t\000u\000r\000e\000s}{section.11}% 361
\BOOKMARK [2][-]{subsection.11.5}{\376\377\000S\000u\000p\000e\000r\000v\000i\000s\000e\000d\000\040\000s\000e\000q\0002\000s\000e\000q\000\040\000l\000e\000a\000r\000n\000i\000n\000g}{section.11}% 362
\BOOKMARK [2][-]{subsection.11.6}{\376\377\004\037\004\100\004\070\004\074\004\065\004\100\004\113\000\040\000s\000u\000p\000e\000r\000v\000i\000s\000e\000d\000\040\000s\000e\000q\0002\000s\000e\000q\000\040\004\067\004\060\004\064\004\060\004\107}{section.11}% 363
\BOOKMARK [3][-]{subsubsection.11.6.1}{\376\377\000M\000a\000c\000h\000i\000n\000e\000\040\000t\000r\000a\000n\000s\000l\000a\000t\000i\000o\000n}{subsection.11.6}% 364
\BOOKMARK [3][-]{subsubsection.11.6.2}{\376\377\000C\000o\000n\000v\000e\000r\000s\000a\000t\000i\000o\000n\000\040\000s\000y\000s\000t\000e\000m\000s}{subsection.11.6}% 365
\BOOKMARK [3][-]{subsubsection.11.6.3}{\376\377\000G\000r\000a\000p\000h\000e\000m\000e\000\040\000t\000o\000\040\000p\000h\000o\000n\000e\000m\000e}{subsection.11.6}% 366
\BOOKMARK [2][-]{subsection.11.7}{\376\377\000A\000t\000t\000e\000n\000t\000i\000v\000e\000\040\000t\000r\000a\000n\000s\000l\000a\000t\000i\000o\000n}{section.11}% 367
\BOOKMARK [2][-]{subsection.11.8}{\376\377\004\036\004\061\004\076\004\061\004\111\004\121\004\075\004\075\004\060\004\117\000\040\004\077\004\076\004\101\004\102\004\060\004\075\004\076\004\062\004\072\004\060\000\040\000s\000e\000q\000u\000e\000n\000c\000e\000\040\000g\000e\000n\000e\000r\000a\000t\000i\000o\000n}{section.11}% 368
\BOOKMARK [2][-]{subsection.11.9}{\376\377\000D\000i\000s\000t\000r\000i\000b\000u\000t\000i\000o\000n\000\040\000s\000h\000i\000f\000t}{section.11}% 369
\BOOKMARK [2][-]{subsection.11.10}{\376\377\004\037\004\100\004\076\004\061\004\073\004\065\004\074\004\060\000\040\004\075\004\065\004\076\004\064\004\075\004\076\004\067\004\075\004\060\004\107\004\075\004\076\004\101\004\102\004\070\000\040\004\077\004\100\004\060\004\062\004\070\004\073\004\114\004\075\004\076\004\063\004\076\000\040\004\076\004\102\004\062\004\065\004\102\004\060}{section.11}% 370
\BOOKMARK [2][-]{subsection.11.11}{\376\377\004\037\004\100\004\076\004\061\004\073\004\065\004\074\004\113\000\040\000c\000o\000n\000v\000e\000r\000s\000a\000t\000i\000o\000n\000\040\000s\000y\000s\000t\000e\000m\000s}{section.11}% 371
\BOOKMARK [2][-]{subsection.11.12}{\376\377\000S\000e\000q\0002\000s\000e\000q\000\040\004\072\004\060\004\072\000\040\000P\000O\000M\000D\000P}{section.11}% 372
\BOOKMARK [2][-]{subsection.11.13}{\376\377\000P\000o\000l\000i\000c\000y\000\040\000G\000r\000a\000d\000i\000e\000n\000t\000\040\004\064\004\073\004\117\000\040\000s\000e\000q\000u\000e\000n\000c\000e\000\040\000g\000e\000n\000e\000r\000a\000t\000i\000o\000n}{section.11}% 373
\BOOKMARK [2][-]{subsection.11.14}{\376\377\000L\000o\000g\000-\000d\000e\000r\000i\000v\000a\000t\000i\000v\000e\000\040\000t\000r\000i\000c\000k}{section.11}% 374
\BOOKMARK [2][-]{subsection.11.15}{\376\377\000S\000u\000p\000e\000r\000v\000i\000s\000e\000d\000\040\000L\000e\000a\000r\000n\000i\000n\000g\000\040\000v\000s\000\040\000P\000o\000l\000i\000c\000y\000\040\000G\000r\000a\000d\000i\000e\000n\000t}{section.11}% 375
\BOOKMARK [2][-]{subsection.11.16}{\376\377\000C\000o\000l\000d\000\040\000s\000t\000a\000r\000t\000\040\000p\000r\000o\000b\000l\000e\000m}{section.11}% 376
\BOOKMARK [2][-]{subsection.11.17}{\376\377\000T\000r\000a\000i\000n\000i\000n\000g\000\040\000v\000s\000\040\000i\000n\000f\000e\000r\000e\000n\000c\000e\000\040\000m\000i\000s\000m\000a\000t\000c\000h}{section.11}% 377
\BOOKMARK [2][-]{subsection.11.18}{\376\377\000S\000e\000l\000f\000-\000C\000r\000i\000t\000i\000c\000a\000l\000\040\000S\000e\000q\000u\000e\000n\000c\000e\000\040\000T\000r\000a\000i\000n\000i\000n\000g}{section.11}% 378
\BOOKMARK [2][-]{subsection.11.19}{\376\377\004\037\004\076\004\107\004\065\004\074\004\103\000\040\000b\000a\000s\000e\000l\000i\000n\000e\000\040\004\061\004\065\004\100\004\121\004\102\004\101\004\117\000\040\004\070\004\067\000\040\000i\000n\000f\000e\000r\000e\000n\000c\000e\000\040\000m\000o\000d\000e}{section.11}% 379
\BOOKMARK [2][-]{subsection.11.20}{\376\377\004\030\004\075\004\102\004\103\004\070\004\106\004\070\004\117\000\040\000S\000C\000S\000T}{section.11}% 380
\BOOKMARK [2][-]{subsection.11.21}{\376\377\000I\000m\000a\000g\000e\000\040\000C\000a\000p\000t\000i\000o\000n\000i\000n\000g\000\040\000w\000i\000t\000h\000\040\000S\000C\000S\000T}{section.11}% 381
\BOOKMARK [2][-]{subsection.11.22}{\376\377\004\040\004\065\004\067\004\103\004\073\004\114\004\102\004\060\004\102\004\113\000\040\000S\000C\000S\000T}{section.11}% 382
\BOOKMARK [2][-]{subsection.11.23}{\376\377\000C\000o\000m\000m\000o\000n\000\040\000p\000i\000t\000f\000a\000l\000l\000s}{section.11}% 383
\BOOKMARK [3][-]{subsubsection.11.23.1}{\376\377\000R\000e\000w\000a\000r\000d\000\040\000h\000a\000c\000k\000i\000n\000g}{subsection.11.23}% 384
\BOOKMARK [3][-]{subsubsection.11.23.2}{\376\377\000O\000v\000e\000r\000f\000i\000t\000t\000i\000n\000g}{subsection.11.23}% 385
\BOOKMARK [3][-]{subsubsection.11.23.3}{\376\377\004\024\004\076\004\073\004\063\004\076\004\065\000\040\004\076\004\061\004\103\004\107\004\065\004\075\004\070\004\065}{subsection.11.23}% 386
\BOOKMARK [2][-]{subsection.11.24}{\376\377\004\037\004\100\004\060\004\072\004\102\004\070\004\107\004\065\004\101\004\072\004\070\004\065\000\040\004\101\004\076\004\062\004\065\004\102\004\113}{section.11}% 387
\BOOKMARK [2][-]{subsection.11.25}{\376\377\000B\000o\000n\000u\000s\000:\000\040\000d\000i\000s\000c\000r\000e\000t\000e\000\040\000G\000A\000N\000s}{section.11}% 388
\BOOKMARK [2][-]{subsection.11.26}{\376\377\004\041\004\100\004\060\004\062\004\075\004\065\004\075\004\070\004\065\000\040\000s\000u\000p\000e\000r\000v\000i\000s\000e\000d\000\040\000s\000e\000q\0002\000s\000e\000q\000\040\004\070\000\040\000R\000L\000\040\000f\000i\000n\000e\000-\000t\000u\000n\000i\000n\000g}{section.11}% 389
\BOOKMARK [2][-]{subsection.11.27}{\376\377\004\023\004\073\004\060\004\062\004\075\004\113\004\065\000\040\004\062\004\113\004\062\004\076\004\064\004\113}{section.11}% 390
\BOOKMARK [2][-]{subsection.11.28}{\376\377\004\047\004\102\004\076\000\040\004\062\004\060\004\066\004\075\004\076\000\040\004\077\004\076\004\074\004\075\004\070\004\102\004\114\000\040\004\072\000\040\004\115\004\072\004\067\004\060\004\074\004\065\004\075\004\103}{section.11}% 391
